Archive member included to satisfy reference by file (symbol)

app/quadrature_encoders/libquadrature_encoders.a(quadrature_encoders.c.obj)
                              main/CMakeFiles/main.dir/main.c.obj (initPorts)
app/pwm_control/libpwm_control.a(pwm_control.c.obj)
                              main/CMakeFiles/main.dir/main.c.obj (init_pwm)
app/pid_digital/libpid_digital.a(pid_digital.c.obj)
                              main/CMakeFiles/main.dir/main.c.obj (setttings_pid)
/usr/lib/gcc/arm-none-eabi/8.3.1/thumb/v6-m/nofp/libgcc.a(_dvmd_tls.o)
                              main/CMakeFiles/main.dir/home/gvaldez/pico/pico-sdk/src/rp2_common/pico_divider/divider.S.obj (__aeabi_idiv0)
/usr/lib/gcc/arm-none-eabi/8.3.1/../../../arm-none-eabi/lib/thumb/v6-m/nofp/libg.a(lib_a-atexit.o)
                              /usr/lib/gcc/arm-none-eabi/8.3.1/../../../arm-none-eabi/lib/thumb/v6-m/nofp/crt0.o (atexit)
/usr/lib/gcc/arm-none-eabi/8.3.1/../../../arm-none-eabi/lib/thumb/v6-m/nofp/libg.a(lib_a-calloc.o)
                              main/CMakeFiles/main.dir/home/gvaldez/pico/pico-sdk/src/rp2_common/pico_malloc/pico_malloc.c.obj (calloc)
/usr/lib/gcc/arm-none-eabi/8.3.1/../../../arm-none-eabi/lib/thumb/v6-m/nofp/libg.a(lib_a-callocr.o)
                              /usr/lib/gcc/arm-none-eabi/8.3.1/../../../arm-none-eabi/lib/thumb/v6-m/nofp/libg.a(lib_a-calloc.o) (_calloc_r)
/usr/lib/gcc/arm-none-eabi/8.3.1/../../../arm-none-eabi/lib/thumb/v6-m/nofp/libg.a(lib_a-ctype_.o)
                              main/CMakeFiles/main.dir/home/gvaldez/pico/pico-sdk/lib/tinyusb/src/tusb.c.obj (_ctype_)
/usr/lib/gcc/arm-none-eabi/8.3.1/../../../arm-none-eabi/lib/thumb/v6-m/nofp/libg.a(lib_a-fini.o)
                              /usr/lib/gcc/arm-none-eabi/8.3.1/../../../arm-none-eabi/lib/thumb/v6-m/nofp/crt0.o (__libc_fini_array)
/usr/lib/gcc/arm-none-eabi/8.3.1/../../../arm-none-eabi/lib/thumb/v6-m/nofp/libg.a(lib_a-impure.o)
                              /usr/lib/gcc/arm-none-eabi/8.3.1/../../../arm-none-eabi/lib/thumb/v6-m/nofp/libg.a(lib_a-calloc.o) (_impure_ptr)
/usr/lib/gcc/arm-none-eabi/8.3.1/../../../arm-none-eabi/lib/thumb/v6-m/nofp/libg.a(lib_a-init.o)
                              /usr/lib/gcc/arm-none-eabi/8.3.1/../../../arm-none-eabi/lib/thumb/v6-m/nofp/crt0.o (__libc_init_array)
/usr/lib/gcc/arm-none-eabi/8.3.1/../../../arm-none-eabi/lib/thumb/v6-m/nofp/libg.a(lib_a-malloc.o)
                              main/CMakeFiles/main.dir/home/gvaldez/pico/pico-sdk/src/rp2_common/pico_malloc/pico_malloc.c.obj (malloc)
/usr/lib/gcc/arm-none-eabi/8.3.1/../../../arm-none-eabi/lib/thumb/v6-m/nofp/libg.a(lib_a-mallocr.o)
                              /usr/lib/gcc/arm-none-eabi/8.3.1/../../../arm-none-eabi/lib/thumb/v6-m/nofp/libg.a(lib_a-callocr.o) (_malloc_r)
/usr/lib/gcc/arm-none-eabi/8.3.1/../../../arm-none-eabi/lib/thumb/v6-m/nofp/libg.a(lib_a-mlock.o)
                              /usr/lib/gcc/arm-none-eabi/8.3.1/../../../arm-none-eabi/lib/thumb/v6-m/nofp/libg.a(lib_a-mallocr.o) (__malloc_lock)
/usr/lib/gcc/arm-none-eabi/8.3.1/../../../arm-none-eabi/lib/thumb/v6-m/nofp/libg.a(lib_a-realloc.o)
                              main/CMakeFiles/main.dir/home/gvaldez/pico/pico-sdk/src/rp2_common/pico_malloc/pico_malloc.c.obj (realloc)
/usr/lib/gcc/arm-none-eabi/8.3.1/../../../arm-none-eabi/lib/thumb/v6-m/nofp/libg.a(lib_a-reallocr.o)
                              /usr/lib/gcc/arm-none-eabi/8.3.1/../../../arm-none-eabi/lib/thumb/v6-m/nofp/libg.a(lib_a-realloc.o) (_realloc_r)
/usr/lib/gcc/arm-none-eabi/8.3.1/../../../arm-none-eabi/lib/thumb/v6-m/nofp/libg.a(lib_a-sbrkr.o)
                              /usr/lib/gcc/arm-none-eabi/8.3.1/../../../arm-none-eabi/lib/thumb/v6-m/nofp/libg.a(lib_a-mallocr.o) (_sbrk_r)
/usr/lib/gcc/arm-none-eabi/8.3.1/../../../arm-none-eabi/lib/thumb/v6-m/nofp/libg.a(lib_a-strlen-stub.o)
                              main/CMakeFiles/main.dir/home/gvaldez/pico/pico-sdk/src/rp2_common/pico_stdio/stdio.c.obj (strlen)
/usr/lib/gcc/arm-none-eabi/8.3.1/../../../arm-none-eabi/lib/thumb/v6-m/nofp/libg.a(lib_a-__atexit.o)
                              /usr/lib/gcc/arm-none-eabi/8.3.1/../../../arm-none-eabi/lib/thumb/v6-m/nofp/libg.a(lib_a-atexit.o) (__register_exitproc)
/usr/lib/gcc/arm-none-eabi/8.3.1/../../../arm-none-eabi/lib/thumb/v6-m/nofp/libg.a(lib_a-freer.o)
                              /usr/lib/gcc/arm-none-eabi/8.3.1/../../../arm-none-eabi/lib/thumb/v6-m/nofp/libg.a(lib_a-malloc.o) (_free_r)
/usr/lib/gcc/arm-none-eabi/8.3.1/../../../arm-none-eabi/lib/thumb/v6-m/nofp/libg.a(lib_a-memmove.o)
                              /usr/lib/gcc/arm-none-eabi/8.3.1/../../../arm-none-eabi/lib/thumb/v6-m/nofp/libg.a(lib_a-reallocr.o) (memmove)
/usr/lib/gcc/arm-none-eabi/8.3.1/../../../arm-none-eabi/lib/thumb/v6-m/nofp/libg.a(lib_a-reent.o)
                              /usr/lib/gcc/arm-none-eabi/8.3.1/../../../arm-none-eabi/lib/thumb/v6-m/nofp/libg.a(lib_a-sbrkr.o) (errno)

Allocating common symbols
[...]
Memory Configuration

Name             Origin             Length             Attributes
FLASH            0x0000000010000000 0x0000000000200000 xr
RAM              0x0000000020000000 0x0000000000040000 xrw
SCRATCH_X        0x0000000020040000 0x0000000000001000 xrw
SCRATCH_Y        0x0000000020041000 0x0000000000001000 xrw
*default*        0x0000000000000000 0xffffffffffffffff

Linker script and memory map

LOAD /usr/lib/gcc/arm-none-eabi/8.3.1/thumb/v6-m/nofp/crti.o
LOAD /usr/lib/gcc/arm-none-eabi/8.3.1/thumb/v6-m/nofp/crtbegin.o
LOAD /usr/lib/gcc/arm-none-eabi/8.3.1/../../../arm-none-eabi/lib/thumb/v6-m/nofp/crt0.o

.flash_begin    0x0000000010000000        0x0
                0x0000000010000000                __flash_binary_start = .

.boot2          0x0000000010000000      0x100
                0x0000000010000000                __boot2_start__ = .
 *(.boot2)
 .boot2         0x0000000010000000      0x100 /tmp/ccR4hfLv.o
                0x0000000010000100                __boot2_end__ = .
                0x0000000000000001                ASSERT (((__boot2_end__ - __boot2_start__) == 0x100), ERROR: Pico second stage bootloader must be 256 bytes in size)

.text           0x0000000010000100     0x8398
                0x0000000010000100                __logical_binary_start = .
 *(.vectors)
 .vectors       0x0000000010000100       0xd4 main/CMakeFiles/main.dir/home/gvaldez/pico/pico-sdk/src/rp2_common/pico_standard_link/crt0.S.obj
                0x0000000010000100                __vectors
                0x0000000010000100                __VECTOR_TABLE
                0x00000000100001c0                isr_invalid
                0x00000000100001c0                __default_isrs_start
                0x00000000100001c2                isr_nmi
                0x00000000100001c4                isr_hardfault
                0x00000000100001c6                isr_svcall
                0x00000000100001c8                isr_pendsv
                0x00000000100001ca                isr_systick
                0x00000000100001cc                isr_irq30
                0x00000000100001cc                __unhandled_user_irq
                0x00000000100001cc                isr_irq13
                0x00000000100001cc                isr_irq27
                0x00000000100001cc                isr_irq31
                0x00000000100001cc                isr_irq5
                0x00000000100001cc                isr_irq11
                0x00000000100001cc                isr_irq23
                0x00000000100001cc                isr_irq18
                0x00000000100001cc                isr_irq28
                0x00000000100001cc                isr_irq19
                0x00000000100001cc                isr_irq0
                0x00000000100001cc                isr_irq6
                0x00000000100001cc                isr_irq22
                0x00000000100001cc                isr_irq17
                0x00000000100001cc                isr_irq14
                0x00000000100001cc                isr_irq2
                0x00000000100001cc                isr_irq10
                0x00000000100001cc                isr_irq8
                0x00000000100001cc                isr_irq24
                0x00000000100001cc                isr_irq1
                0x00000000100001cc                isr_irq7
                0x00000000100001cc                isr_irq21
                0x00000000100001cc                isr_irq20
                0x00000000100001cc                isr_irq15
                0x00000000100001cc                isr_irq25
                0x00000000100001cc                isr_irq4
                0x00000000100001cc                isr_irq16
                0x00000000100001cc                isr_irq29
                0x00000000100001cc                isr_irq26
                0x00000000100001cc                __default_isrs_end
                0x00000000100001cc                isr_irq3
                0x00000000100001cc                isr_irq12
                0x00000000100001cc                isr_irq9
                0x00000000100001d2                unhandled_user_irq_num_in_r0
 *(.binary_info_header)
 .binary_info_header
                0x00000000100001d4       0x14 main/CMakeFiles/main.dir/home/gvaldez/pico/pico-sdk/src/rp2_common/pico_standard_link/crt0.S.obj
                0x00000000100001e8                __binary_info_header_end = .
 *(.reset)
 .reset         0x00000000100001e8       0xa8 main/CMakeFiles/main.dir/home/gvaldez/pico/pico-sdk/src/rp2_common/pico_standard_link/crt0.S.obj
                0x00000000100001e8                _entry_point
                0x0000000010000266                __get_current_exception
 .reset         0x0000000010000290       0x30 main/CMakeFiles/main.dir/home/gvaldez/pico/pico-sdk/src/rp2_common/pico_standard_link/binary_info.c.obj
 *(.init)
 .init          0x00000000100002c0        0x4 /usr/lib/gcc/arm-none-eabi/8.3.1/thumb/v6-m/nofp/crti.o
                0x00000000100002c0                _init
 *(EXCLUDE_FILE(*libm.a: *libc.a:*lib_a-mem*.o *libgcc.a:) .text*)
 .text          0x00000000100002c4       0x98 /usr/lib/gcc/arm-none-eabi/8.3.1/thumb/v6-m/nofp/crtbegin.o
 .text.systick  0x000000001000035c       0x20 main/CMakeFiles/main.dir/main.c.obj
                0x000000001000035c                systick
 .text.main     0x000000001000037c       0x78 main/CMakeFiles/main.dir/main.c.obj
                0x000000001000037c                main
 .text.gpio_set_function
                0x00000000100003f4       0x30 main/CMakeFiles/main.dir/home/gvaldez/pico/pico-sdk/src/rp2_common/hardware_gpio/gpio.c.obj
                0x00000000100003f4                gpio_set_function
 .text.gpio_set_pulls
                0x0000000010000424       0x34 main/CMakeFiles/main.dir/home/gvaldez/pico/pico-sdk/src/rp2_common/hardware_gpio/gpio.c.obj
                0x0000000010000424                gpio_set_pulls
 .text.gpio_set_irq_callback
                0x0000000010000458       0x48 main/CMakeFiles/main.dir/home/gvaldez/pico/pico-sdk/src/rp2_common/hardware_gpio/gpio.c.obj
                0x0000000010000458                gpio_set_irq_callback
 .text.gpio_acknowledge_irq
                0x00000000100004a0       0x18 main/CMakeFiles/main.dir/home/gvaldez/pico/pico-sdk/src/rp2_common/hardware_gpio/gpio.c.obj
                0x00000000100004a0                gpio_acknowledge_irq
 .text._gpio_set_irq_enabled
                0x00000000100004b8       0x34 main/CMakeFiles/main.dir/home/gvaldez/pico/pico-sdk/src/rp2_common/hardware_gpio/gpio.c.obj
 .text.gpio_set_irq_enabled
                0x00000000100004ec       0x20 main/CMakeFiles/main.dir/home/gvaldez/pico/pico-sdk/src/rp2_common/hardware_gpio/gpio.c.obj
                0x00000000100004ec                gpio_set_irq_enabled
 .text.gpio_default_irq_handler
                0x000000001000050c       0x98 main/CMakeFiles/main.dir/home/gvaldez/pico/pico-sdk/src/rp2_common/hardware_gpio/gpio.c.obj
 .text.gpio_init
                0x00000000100005a4       0x16 main/CMakeFiles/main.dir/home/gvaldez/pico/pico-sdk/src/rp2_common/hardware_gpio/gpio.c.obj
                0x00000000100005a4                gpio_init
 *fill*         0x00000000100005ba        0x2 
 .text.hw_claim_lock
                0x00000000100005bc       0x18 main/CMakeFiles/main.dir/home/gvaldez/pico/pico-sdk/src/rp2_common/hardware_claim/claim.c.obj
                0x00000000100005bc                hw_claim_lock
 .text.hw_claim_unlock
                0x00000000100005d4       0x14 main/CMakeFiles/main.dir/home/gvaldez/pico/pico-sdk/src/rp2_common/hardware_claim/claim.c.obj
                0x00000000100005d4                hw_claim_unlock
 .text.hw_claim_or_assert
                0x00000000100005e8       0x32 main/CMakeFiles/main.dir/home/gvaldez/pico/pico-sdk/src/rp2_common/hardware_claim/claim.c.obj
                0x00000000100005e8                hw_claim_or_assert
 .text.hw_claim_unused_from_range
                0x000000001000061a       0x50 main/CMakeFiles/main.dir/home/gvaldez/pico/pico-sdk/src/rp2_common/hardware_claim/claim.c.obj
                0x000000001000061a                hw_claim_unused_from_range
 *fill*         0x000000001000066a        0x2 
 .text.running_on_fpga
                0x000000001000066c       0x14 main/CMakeFiles/main.dir/home/gvaldez/pico/pico-sdk/src/rp2_common/pico_platform/platform.c.obj
                0x000000001000066c                running_on_fpga
 .text.spin_locks_reset
                0x0000000010000680       0x20 main/CMakeFiles/main.dir/home/gvaldez/pico/pico-sdk/src/rp2_common/hardware_sync/sync.c.obj
                0x0000000010000680                spin_locks_reset
 .text.next_striped_spin_lock_num
                0x00000000100006a0       0x1c main/CMakeFiles/main.dir/home/gvaldez/pico/pico-sdk/src/rp2_common/hardware_sync/sync.c.obj
                0x00000000100006a0                next_striped_spin_lock_num
 .text.spin_lock_claim_unused
                0x00000000100006bc       0x20 main/CMakeFiles/main.dir/home/gvaldez/pico/pico-sdk/src/rp2_common/hardware_sync/sync.c.obj
                0x00000000100006bc                spin_lock_claim_unused
 .text.set_raw_irq_handler_and_unlock
                0x00000000100006dc       0x28 main/CMakeFiles/main.dir/home/gvaldez/pico/pico-sdk/src/rp2_common/hardware_irq/irq.c.obj
 .text.make_branch
                0x0000000010000704       0x48 main/CMakeFiles/main.dir/home/gvaldez/pico/pico-sdk/src/rp2_common/hardware_irq/irq.c.obj
 .text.insert_branch_and_link
                0x000000001000074c       0x40 main/CMakeFiles/main.dir/home/gvaldez/pico/pico-sdk/src/rp2_common/hardware_irq/irq.c.obj
 .text.irq_is_enabled
                0x000000001000078c       0x18 main/CMakeFiles/main.dir/home/gvaldez/pico/pico-sdk/src/rp2_common/hardware_irq/irq.c.obj
                0x000000001000078c                irq_is_enabled
 .text.irq_set_mask_enabled
                0x00000000100007a4       0x20 main/CMakeFiles/main.dir/home/gvaldez/pico/pico-sdk/src/rp2_common/hardware_irq/irq.c.obj
                0x00000000100007a4                irq_set_mask_enabled
 .text.irq_set_enabled
                0x00000000100007c4        0xe main/CMakeFiles/main.dir/home/gvaldez/pico/pico-sdk/src/rp2_common/hardware_irq/irq.c.obj
                0x00000000100007c4                irq_set_enabled
 *fill*         0x00000000100007d2        0x2 
 .text.irq_set_pending
                0x00000000100007d4       0x10 main/CMakeFiles/main.dir/home/gvaldez/pico/pico-sdk/src/rp2_common/hardware_irq/irq.c.obj
                0x00000000100007d4                irq_set_pending
 .text.irq_get_vtable_handler
                0x00000000100007e4       0x10 main/CMakeFiles/main.dir/home/gvaldez/pico/pico-sdk/src/rp2_common/hardware_irq/irq.c.obj
                0x00000000100007e4                irq_get_vtable_handler
 .text.irq_has_shared_handler
                0x00000000100007f4       0x24 main/CMakeFiles/main.dir/home/gvaldez/pico/pico-sdk/src/rp2_common/hardware_irq/irq.c.obj
                0x00000000100007f4                irq_has_shared_handler
 .text.irq_set_exclusive_handler
                0x0000000010000818       0x54 main/CMakeFiles/main.dir/home/gvaldez/pico/pico-sdk/src/rp2_common/hardware_irq/irq.c.obj
                0x0000000010000818                irq_set_exclusive_handler
 .text.irq_add_shared_handler
                0x000000001000086c      0x224 main/CMakeFiles/main.dir/home/gvaldez/pico/pico-sdk/src/rp2_common/hardware_irq/irq.c.obj
                0x000000001000086c                irq_add_shared_handler
 .text.irq_remove_handler
                0x0000000010000a90      0x1a0 main/CMakeFiles/main.dir/home/gvaldez/pico/pico-sdk/src/rp2_common/hardware_irq/irq.c.obj
                0x0000000010000a90                irq_remove_handler
 .text.irq_add_tail_to_free_list
                0x0000000010000c30       0xf0 main/CMakeFiles/main.dir/home/gvaldez/pico/pico-sdk/src/rp2_common/hardware_irq/irq.c.obj
                0x0000000010000c30                irq_add_tail_to_free_list
 .text.irq_init_priorities
                0x0000000010000d20       0x1c main/CMakeFiles/main.dir/home/gvaldez/pico/pico-sdk/src/rp2_common/hardware_irq/irq.c.obj
                0x0000000010000d20                irq_init_priorities
 .text.user_irq_claim_unused
                0x0000000010000d3c       0x30 main/CMakeFiles/main.dir/home/gvaldez/pico/pico-sdk/src/rp2_common/hardware_irq/irq.c.obj
                0x0000000010000d3c                user_irq_claim_unused
 .text.lock_init
                0x0000000010000d6c       0x10 main/CMakeFiles/main.dir/home/gvaldez/pico/pico-sdk/src/common/pico_sync/lock_core.c.obj
                0x0000000010000d6c                lock_init
 .text.sleep_until_callback
                0x0000000010000d7c       0x30 main/CMakeFiles/main.dir/home/gvaldez/pico/pico-sdk/src/common/pico_time/time.c.obj
 .text.repeating_timer_callback
                0x0000000010000dac       0x40 main/CMakeFiles/main.dir/home/gvaldez/pico/pico-sdk/src/common/pico_time/time.c.obj
 .text.alarm_pool_post_alloc_init
                0x0000000010000dec       0x40 main/CMakeFiles/main.dir/home/gvaldez/pico/pico-sdk/src/common/pico_time/time.c.obj
 .text.timer_pool_entry_comparator
                0x0000000010000e2c       0x7c main/CMakeFiles/main.dir/home/gvaldez/pico/pico-sdk/src/common/pico_time/time.c.obj
                0x0000000010000e2c                timer_pool_entry_comparator
 .text.ph_add_child_node
                0x0000000010000ea8       0xa4 main/CMakeFiles/main.dir/home/gvaldez/pico/pico-sdk/src/common/pico_time/time.c.obj
 .text.ph_merge_nodes
                0x0000000010000f4c       0x3e main/CMakeFiles/main.dir/home/gvaldez/pico/pico-sdk/src/common/pico_time/time.c.obj
 *fill*         0x0000000010000f8a        0x2 
 .text.add_alarm_under_lock
                0x0000000010000f8c      0x180 main/CMakeFiles/main.dir/home/gvaldez/pico/pico-sdk/src/common/pico_time/time.c.obj
 .text.alarm_pool_alarm_callback
                0x000000001000110c      0x328 main/CMakeFiles/main.dir/home/gvaldez/pico/pico-sdk/src/common/pico_time/time.c.obj
 .text.alarm_pool_init_default
                0x0000000010001434       0x38 main/CMakeFiles/main.dir/home/gvaldez/pico/pico-sdk/src/common/pico_time/time.c.obj
                0x0000000010001434                alarm_pool_init_default
 .text.alarm_pool_get_default
                0x000000001000146c       0x2c main/CMakeFiles/main.dir/home/gvaldez/pico/pico-sdk/src/common/pico_time/time.c.obj
                0x000000001000146c                alarm_pool_get_default
 .text.alarm_pool_add_alarm_at
                0x0000000010001498      0x154 main/CMakeFiles/main.dir/home/gvaldez/pico/pico-sdk/src/common/pico_time/time.c.obj
                0x0000000010001498                alarm_pool_add_alarm_at
 .text.alarm_pool_cancel_alarm
                0x00000000100015ec       0xec main/CMakeFiles/main.dir/home/gvaldez/pico/pico-sdk/src/common/pico_time/time.c.obj
                0x00000000100015ec                alarm_pool_cancel_alarm
 .text.alarm_pool_add_repeating_timer_us
                0x00000000100016d8       0x9c main/CMakeFiles/main.dir/home/gvaldez/pico/pico-sdk/src/common/pico_time/time.c.obj
                0x00000000100016d8                alarm_pool_add_repeating_timer_us
 .text.sleep_until
                0x0000000010001774       0xf8 main/CMakeFiles/main.dir/home/gvaldez/pico/pico-sdk/src/common/pico_time/time.c.obj
                0x0000000010001774                sleep_until
 .text.sleep_us
                0x000000001000186c       0x54 main/CMakeFiles/main.dir/home/gvaldez/pico/pico-sdk/src/common/pico_time/time.c.obj
                0x000000001000186c                sleep_us
 .text.sleep_ms
                0x00000000100018c0       0x14 main/CMakeFiles/main.dir/home/gvaldez/pico/pico-sdk/src/common/pico_time/time.c.obj
                0x00000000100018c0                sleep_ms
 .text.best_effort_wfe_or_timeout
                0x00000000100018d4       0x80 main/CMakeFiles/main.dir/home/gvaldez/pico/pico-sdk/src/common/pico_time/time.c.obj
                0x00000000100018d4                best_effort_wfe_or_timeout
 .text.hardware_alarm_irq_handler
                0x0000000010001954       0x8c main/CMakeFiles/main.dir/home/gvaldez/pico/pico-sdk/src/rp2_common/hardware_timer/timer.c.obj
 .text.hardware_alarm_claim
                0x00000000100019e0       0x18 main/CMakeFiles/main.dir/home/gvaldez/pico/pico-sdk/src/rp2_common/hardware_timer/timer.c.obj
                0x00000000100019e0                hardware_alarm_claim
 .text.time_us_64
                0x00000000100019f8       0x18 main/CMakeFiles/main.dir/home/gvaldez/pico/pico-sdk/src/rp2_common/hardware_timer/timer.c.obj
                0x00000000100019f8                time_us_64
 .text.busy_wait_until
                0x0000000010001a10       0x24 main/CMakeFiles/main.dir/home/gvaldez/pico/pico-sdk/src/rp2_common/hardware_timer/timer.c.obj
                0x0000000010001a10                busy_wait_until
 .text.hardware_alarm_set_callback
                0x0000000010001a34       0x90 main/CMakeFiles/main.dir/home/gvaldez/pico/pico-sdk/src/rp2_common/hardware_timer/timer.c.obj
                0x0000000010001a34                hardware_alarm_set_callback
 .text.hardware_alarm_set_target
                0x0000000010001ac4       0xe8 main/CMakeFiles/main.dir/home/gvaldez/pico/pico-sdk/src/rp2_common/hardware_timer/timer.c.obj
                0x0000000010001ac4                hardware_alarm_set_target
 .text.hardware_alarm_cancel
                0x0000000010001bac       0x40 main/CMakeFiles/main.dir/home/gvaldez/pico/pico-sdk/src/rp2_common/hardware_timer/timer.c.obj
                0x0000000010001bac                hardware_alarm_cancel
 .text.ph_add_child_node
                0x0000000010001bec       0xa4 main/CMakeFiles/main.dir/home/gvaldez/pico/pico-sdk/src/common/pico_util/pheap.c.obj
 .text.ph_merge_nodes
                0x0000000010001c90       0x3e main/CMakeFiles/main.dir/home/gvaldez/pico/pico-sdk/src/common/pico_util/pheap.c.obj
 *fill*         0x0000000010001cce        0x2 
 .text.ph_clear
                0x0000000010001cd0       0x70 main/CMakeFiles/main.dir/home/gvaldez/pico/pico-sdk/src/common/pico_util/pheap.c.obj
                0x0000000010001cd0                ph_clear
 .text.ph_post_alloc_init
                0x0000000010001d40        0xe main/CMakeFiles/main.dir/home/gvaldez/pico/pico-sdk/src/common/pico_util/pheap.c.obj
                0x0000000010001d40                ph_post_alloc_init
 *fill*         0x0000000010001d4e        0x2 
 .text.ph_merge_two_pass
                0x0000000010001d50       0xac main/CMakeFiles/main.dir/home/gvaldez/pico/pico-sdk/src/common/pico_util/pheap.c.obj
                0x0000000010001d50                ph_merge_two_pass
 .text.ph_remove_any_head
                0x0000000010001dfc      0x108 main/CMakeFiles/main.dir/home/gvaldez/pico/pico-sdk/src/common/pico_util/pheap.c.obj
 .text.ph_remove_head
                0x0000000010001f04       0x14 main/CMakeFiles/main.dir/home/gvaldez/pico/pico-sdk/src/common/pico_util/pheap.c.obj
                0x0000000010001f04                ph_remove_head
 .text.ph_remove_and_free_node
                0x0000000010001f18       0xf8 main/CMakeFiles/main.dir/home/gvaldez/pico/pico-sdk/src/common/pico_util/pheap.c.obj
                0x0000000010001f18                ph_remove_and_free_node
 .text.mutex_init
                0x0000000010002010       0x1a main/CMakeFiles/main.dir/home/gvaldez/pico/pico-sdk/src/common/pico_sync/mutex.c.obj
                0x0000000010002010                mutex_init
 .text.recursive_mutex_init
                0x000000001000202a       0x1e main/CMakeFiles/main.dir/home/gvaldez/pico/pico-sdk/src/common/pico_sync/mutex.c.obj
                0x000000001000202a                recursive_mutex_init
 .text.critical_section_init_with_lock_num
                0x0000000010002048       0x14 main/CMakeFiles/main.dir/home/gvaldez/pico/pico-sdk/src/common/pico_sync/critical_section.c.obj
                0x0000000010002048                critical_section_init_with_lock_num
 .text.critical_section_init
                0x000000001000205c       0x14 main/CMakeFiles/main.dir/home/gvaldez/pico/pico-sdk/src/common/pico_sync/critical_section.c.obj
                0x000000001000205c                critical_section_init
 .text.uart_set_baudrate
                0x0000000010002070       0x5c main/CMakeFiles/main.dir/home/gvaldez/pico/pico-sdk/src/rp2_common/hardware_uart/uart.c.obj
                0x0000000010002070                uart_set_baudrate
 .text.uart_set_translate_crlf
                0x00000000100020cc       0x28 main/CMakeFiles/main.dir/home/gvaldez/pico/pico-sdk/src/rp2_common/hardware_uart/uart.c.obj
                0x00000000100020cc                uart_set_translate_crlf
 .text.uart_init
                0x00000000100020f4       0x80 main/CMakeFiles/main.dir/home/gvaldez/pico/pico-sdk/src/rp2_common/hardware_uart/uart.c.obj
                0x00000000100020f4                uart_init
 .text._exit    0x0000000010002174        0x4 main/CMakeFiles/main.dir/home/gvaldez/pico/pico-sdk/src/rp2_common/pico_runtime/runtime.c.obj
                0x0000000010002174                _exit
 .text.exit     0x0000000010002178        0x6 main/CMakeFiles/main.dir/home/gvaldez/pico/pico-sdk/src/rp2_common/pico_runtime/runtime.c.obj
                0x0000000010002178                exit
 *fill*         0x000000001000217e        0x2 
 .text.__assert_func
                0x0000000010002180       0x3c main/CMakeFiles/main.dir/home/gvaldez/pico/pico-sdk/src/rp2_common/pico_runtime/runtime.c.obj
                0x0000000010002180                __assert_func
 .text.runtime_init
                0x00000000100021bc       0xf8 main/CMakeFiles/main.dir/home/gvaldez/pico/pico-sdk/src/rp2_common/pico_runtime/runtime.c.obj
                0x00000000100021bc                runtime_init
 .text.panic    0x00000000100022b4       0x30 main/CMakeFiles/main.dir/home/gvaldez/pico/pico-sdk/src/rp2_common/pico_runtime/runtime.c.obj
                0x00000000100022b4                panic
 .text.clock_configure
                0x00000000100022e4       0xfc main/CMakeFiles/main.dir/home/gvaldez/pico/pico-sdk/src/rp2_common/hardware_clocks/clocks.c.obj
                0x00000000100022e4                clock_configure
 .text.clocks_init
                0x00000000100023e0      0x100 main/CMakeFiles/main.dir/home/gvaldez/pico/pico-sdk/src/rp2_common/hardware_clocks/clocks.c.obj
                0x00000000100023e0                clocks_init
 .text.clock_get_hz
                0x00000000100024e0        0xc main/CMakeFiles/main.dir/home/gvaldez/pico/pico-sdk/src/rp2_common/hardware_clocks/clocks.c.obj
                0x00000000100024e0                clock_get_hz
 .text.pll_init
                0x00000000100024ec      0x140 main/CMakeFiles/main.dir/home/gvaldez/pico/pico-sdk/src/rp2_common/hardware_pll/pll.c.obj
                0x00000000100024ec                pll_init
 .text.watchdog_start_tick
                0x000000001000262c       0x10 main/CMakeFiles/main.dir/home/gvaldez/pico/pico-sdk/src/rp2_common/hardware_watchdog/watchdog.c.obj
                0x000000001000262c                watchdog_start_tick
 .text.watchdog_update
                0x000000001000263c       0x14 main/CMakeFiles/main.dir/home/gvaldez/pico/pico-sdk/src/rp2_common/hardware_watchdog/watchdog.c.obj
                0x000000001000263c                watchdog_update
 .text._watchdog_enable
                0x0000000010002650       0x74 main/CMakeFiles/main.dir/home/gvaldez/pico/pico-sdk/src/rp2_common/hardware_watchdog/watchdog.c.obj
                0x0000000010002650                _watchdog_enable
 .text.watchdog_reboot
                0x00000000100026c4       0x44 main/CMakeFiles/main.dir/home/gvaldez/pico/pico-sdk/src/rp2_common/hardware_watchdog/watchdog.c.obj
                0x00000000100026c4                watchdog_reboot
 .text.xosc_init
                0x0000000010002708       0x28 main/CMakeFiles/main.dir/home/gvaldez/pico/pico-sdk/src/rp2_common/hardware_xosc/xosc.c.obj
                0x0000000010002708                xosc_init
 .text._out_null
                0x0000000010002730        0x2 main/CMakeFiles/main.dir/home/gvaldez/pico/pico-sdk/src/rp2_common/pico_printf/printf.c.obj
 .text._out_fct
                0x0000000010002732        0xe main/CMakeFiles/main.dir/home/gvaldez/pico/pico-sdk/src/rp2_common/pico_printf/printf.c.obj
 .text._atoi    0x0000000010002740       0x28 main/CMakeFiles/main.dir/home/gvaldez/pico/pico-sdk/src/rp2_common/pico_printf/printf.c.obj
 .text._out_rev
                0x0000000010002768       0x8c main/CMakeFiles/main.dir/home/gvaldez/pico/pico-sdk/src/rp2_common/pico_printf/printf.c.obj
 .text._ntoa_format
                0x00000000100027f4      0x10c main/CMakeFiles/main.dir/home/gvaldez/pico/pico-sdk/src/rp2_common/pico_printf/printf.c.obj
 .text._ntoa_long
                0x0000000010002900       0xb0 main/CMakeFiles/main.dir/home/gvaldez/pico/pico-sdk/src/rp2_common/pico_printf/printf.c.obj
 .text._ntoa_long_long
                0x00000000100029b0       0xe6 main/CMakeFiles/main.dir/home/gvaldez/pico/pico-sdk/src/rp2_common/pico_printf/printf.c.obj
 *fill*         0x0000000010002a96        0x2 
 .text._etoa    0x0000000010002a98      0x408 main/CMakeFiles/main.dir/home/gvaldez/pico/pico-sdk/src/rp2_common/pico_printf/printf.c.obj
 .text._ftoa    0x0000000010002ea0      0x344 main/CMakeFiles/main.dir/home/gvaldez/pico/pico-sdk/src/rp2_common/pico_printf/printf.c.obj
 .text._vsnprintf
                0x00000000100031e4      0x61c main/CMakeFiles/main.dir/home/gvaldez/pico/pico-sdk/src/rp2_common/pico_printf/printf.c.obj
 .text.vfctprintf
                0x0000000010003800       0x20 main/CMakeFiles/main.dir/home/gvaldez/pico/pico-sdk/src/rp2_common/pico_printf/printf.c.obj
                0x0000000010003800                vfctprintf
 .text          0x0000000010003820       0x10 main/CMakeFiles/main.dir/home/gvaldez/pico/pico-sdk/src/rp2_common/pico_bit_ops/bit_ops_aeabi.S.obj
 .text.rom_func_lookup
                0x0000000010003830       0x10 main/CMakeFiles/main.dir/home/gvaldez/pico/pico-sdk/src/rp2_common/pico_bootrom/bootrom.c.obj
                0x0000000010003830                rom_func_lookup
 .text.rom_data_lookup
                0x0000000010003840       0x10 main/CMakeFiles/main.dir/home/gvaldez/pico/pico-sdk/src/rp2_common/pico_bootrom/bootrom.c.obj
                0x0000000010003840                rom_data_lookup
 .text.rom_funcs_lookup
                0x0000000010003850       0x36 main/CMakeFiles/main.dir/home/gvaldez/pico/pico-sdk/src/rp2_common/pico_bootrom/bootrom.c.obj
                0x0000000010003850                rom_funcs_lookup
 *fill*         0x0000000010003886        0x2 
 .text.__wrap___aeabi_idiv
                0x0000000010003888       0x50 main/CMakeFiles/main.dir/home/gvaldez/pico/pico-sdk/src/rp2_common/pico_divider/divider.S.obj
                0x0000000010003888                __wrap___aeabi_idivmod
                0x0000000010003888                divmod_s32s32
                0x0000000010003888                div_s32s32
                0x0000000010003888                __wrap___aeabi_idiv
                0x0000000010003890                divmod_s32s32_unsafe
                0x00000000100038bc                divmod_s32s32_savestate
 .text.__wrap___aeabi_uidiv
                0x00000000100038d8       0x4c main/CMakeFiles/main.dir/home/gvaldez/pico/pico-sdk/src/rp2_common/pico_divider/divider.S.obj
                0x00000000100038d8                __wrap___aeabi_uidiv
                0x00000000100038d8                __wrap___aeabi_uidivmod
                0x00000000100038d8                div_u32u32
                0x00000000100038d8                divmod_u32u32
                0x00000000100038e0                divmod_u32u32_unsafe
                0x0000000010003908                divmod_u32u32_savestate
 .text.__wrap___aeabi_ldiv
                0x0000000010003924      0x434 main/CMakeFiles/main.dir/home/gvaldez/pico/pico-sdk/src/rp2_common/pico_divider/divider.S.obj
                0x0000000010003924                div_s64s64
                0x0000000010003924                divmod_s64s64
                0x0000000010003924                __wrap___aeabi_ldivmod
                0x000000001000395c                div_u64u64
                0x000000001000395c                divmod_u64u64
                0x000000001000395c                __wrap___aeabi_uldivmod
                0x000000001000396c                divmod_u64u64_savestate
                0x0000000010003994                divmod_s64s64_unsafe
                0x0000000010003a1c                divmod_u64u64_unsafe
 .text.__wrap___aeabi_darithmetic
                0x0000000010003d58       0x80 main/CMakeFiles/main.dir/home/gvaldez/pico/pico-sdk/src/rp2_common/pico_double/double_aeabi.S.obj
                0x0000000010003d58                __wrap___aeabi_drsub
                0x0000000010003d5e                __wrap___aeabi_dsub
                0x0000000010003d70                __wrap___aeabi_dadd
                0x0000000010003d82                __wrap___aeabi_ddiv
                0x0000000010003dbe                __wrap___aeabi_dmul
 .text.__wrap___aeabi_cdcmple
                0x0000000010003dd8       0x6c main/CMakeFiles/main.dir/home/gvaldez/pico/pico-sdk/src/rp2_common/pico_double/double_aeabi.S.obj
                0x0000000010003dd8                __wrap___aeabi_cdrcmple
                0x0000000010003de8                __wrap___aeabi_cdcmple
                0x0000000010003de8                __wrap___aeabi_cdcmpeq
 .text.__wrap___aeabi_dcmplt
                0x0000000010003e44        0xc main/CMakeFiles/main.dir/home/gvaldez/pico/pico-sdk/src/rp2_common/pico_double/double_aeabi.S.obj
                0x0000000010003e44                __wrap___aeabi_dcmplt
 .text.__wrap___aeabi_dcmple
                0x0000000010003e50       0x10 main/CMakeFiles/main.dir/home/gvaldez/pico/pico-sdk/src/rp2_common/pico_double/double_aeabi.S.obj
                0x0000000010003e50                __wrap___aeabi_dcmple
 .text.__wrap___aeabi_dcmpge
                0x0000000010003e60       0x10 main/CMakeFiles/main.dir/home/gvaldez/pico/pico-sdk/src/rp2_common/pico_double/double_aeabi.S.obj
                0x0000000010003e60                __wrap___aeabi_dcmpge
 .text.__wrap___aeabi_dcmpgt
                0x0000000010003e70        0xa main/CMakeFiles/main.dir/home/gvaldez/pico/pico-sdk/src/rp2_common/pico_double/double_aeabi.S.obj
                0x0000000010003e70                __wrap___aeabi_dcmpgt
 .text.__wrap___aeabi_dcmpun
                0x0000000010003e7a       0x1c main/CMakeFiles/main.dir/home/gvaldez/pico/pico-sdk/src/rp2_common/pico_double/double_aeabi.S.obj
                0x0000000010003e7a                __wrap___aeabi_dcmpun
 *fill*         0x0000000010003e96        0x2 
 .text.__wrap___aeabi_i2d
                0x0000000010003e98       0x38 main/CMakeFiles/main.dir/home/gvaldez/pico/pico-sdk/src/rp2_common/pico_double/double_aeabi.S.obj
                0x0000000010003e98                __wrap___aeabi_ui2d
                0x0000000010003ea0                __wrap___aeabi_i2d
 .text.__wrap___aeabi_d2iz
                0x0000000010003ed0       0x48 main/CMakeFiles/main.dir/home/gvaldez/pico/pico-sdk/src/rp2_common/pico_double/double_aeabi.S.obj
                0x0000000010003ed0                __wrap___aeabi_d2iz
                0x0000000010003ed0                double2int_z
 .text.__wrap___aeabi_d2uiz
                0x0000000010003f18       0x18 main/CMakeFiles/main.dir/home/gvaldez/pico/pico-sdk/src/rp2_common/pico_double/double_aeabi.S.obj
                0x0000000010003f18                double2uint
                0x0000000010003f18                __wrap___aeabi_d2uiz
 .text.__wrap___aeabi_d2f
                0x0000000010003f30       0x18 main/CMakeFiles/main.dir/home/gvaldez/pico/pico-sdk/src/rp2_common/pico_double/double_aeabi.S.obj
                0x0000000010003f30                __wrap___aeabi_d2f
 .text.__aeabi_double_init
                0x0000000010003f48       0xc8 main/CMakeFiles/main.dir/home/gvaldez/pico/pico-sdk/src/rp2_common/pico_double/double_init_rom.c.obj
                0x0000000010003f48                __aeabi_double_init
 .text.double_table_shim_on_use_helper
                0x0000000010004010       0x34 main/CMakeFiles/main.dir/home/gvaldez/pico/pico-sdk/src/rp2_common/pico_double/double_v1_rom_shim.S.obj
                0x0000000010004010                double_table_shim_on_use_helper
 .text.__wrap___aeabi_dsub
                0x0000000010004044       0x10 main/CMakeFiles/main.dir/home/gvaldez/pico/pico-sdk/src/rp2_common/pico_double/double_v1_rom_shim.S.obj
                0x0000000010004044                drsub_shim
                0x000000001000404a                dsub_shim
 .text.dadd_shim
                0x0000000010004054      0x15c main/CMakeFiles/main.dir/home/gvaldez/pico/pico-sdk/src/rp2_common/pico_double/double_v1_rom_shim.S.obj
                0x0000000010004054                dadd_shim
 .text.dmul_shim
                0x00000000100041b0      0x15c main/CMakeFiles/main.dir/home/gvaldez/pico/pico-sdk/src/rp2_common/pico_double/double_v1_rom_shim.S.obj
                0x00000000100041b0                dmul_shim
 .text.ddiv_shim
                0x000000001000430c      0x1b0 main/CMakeFiles/main.dir/home/gvaldez/pico/pico-sdk/src/rp2_common/pico_double/double_v1_rom_shim.S.obj
                0x000000001000430c                ddiv_shim
 .text.double2uint_shim
                0x00000000100044bc        0xe main/CMakeFiles/main.dir/home/gvaldez/pico/pico-sdk/src/rp2_common/pico_double/double_v1_rom_shim.S.obj
                0x00000000100044bc                double2uint_shim
                0x00000000100044be                double2ufix_shim
 *fill*         0x00000000100044ca        0x2 
 .text.double2uint64_shim
                0x00000000100044cc       0x70 main/CMakeFiles/main.dir/home/gvaldez/pico/pico-sdk/src/rp2_common/pico_double/double_v1_rom_shim.S.obj
                0x00000000100044cc                double2uint64_shim
                0x00000000100044ce                double2ufix64_shim
                0x00000000100044ee                d2fix_a
 .text.double2float_shim
                0x000000001000453c       0x5c main/CMakeFiles/main.dir/home/gvaldez/pico/pico-sdk/src/rp2_common/pico_double/double_v1_rom_shim.S.obj
                0x000000001000453c                double2float_shim
 .text.dunpacks
                0x0000000010004598       0x3c main/CMakeFiles/main.dir/home/gvaldez/pico/pico-sdk/src/rp2_common/pico_double/double_v1_rom_shim.S.obj
                0x0000000010004598                dunpacks
 .text.__aeabi_lmul
                0x00000000100045d4       0x32 main/CMakeFiles/main.dir/home/gvaldez/pico/pico-sdk/src/rp2_common/pico_int64_ops/pico_int64_ops_aeabi.S.obj
                0x00000000100045d4                __wrap___aeabi_lmul
 *fill*         0x0000000010004606        0x2 
 .text.__wrap___aeabi_farithmetic
                0x0000000010004608       0x58 main/CMakeFiles/main.dir/home/gvaldez/pico/pico-sdk/src/rp2_common/pico_float/float_aeabi.S.obj
                0x0000000010004608                __wrap___aeabi_frsub
                0x000000001000460e                __wrap___aeabi_fsub
                0x0000000010004618                __wrap___aeabi_fadd
                0x0000000010004622                __wrap___aeabi_fdiv
                0x000000001000464e                __wrap___aeabi_fmul
 .text.__wrap___aeabi_cfcmple
                0x0000000010004660       0x50 main/CMakeFiles/main.dir/home/gvaldez/pico/pico-sdk/src/rp2_common/pico_float/float_aeabi.S.obj
                0x0000000010004660                __wrap___aeabi_cfrcmple
                0x000000001000466c                __wrap___aeabi_cfcmpeq
                0x000000001000466c                __wrap___aeabi_cfcmple
 .text.__wrap___aeabi_fcmpeq
                0x00000000100046b0       0x10 main/CMakeFiles/main.dir/home/gvaldez/pico/pico-sdk/src/rp2_common/pico_float/float_aeabi.S.obj
                0x00000000100046b0                __wrap___aeabi_fcmpeq
 .text.__wrap___aeabi_fcmplt
                0x00000000100046c0        0xc main/CMakeFiles/main.dir/home/gvaldez/pico/pico-sdk/src/rp2_common/pico_float/float_aeabi.S.obj
                0x00000000100046c0                __wrap___aeabi_fcmplt
 .text.__wrap___aeabi_fcmpgt
                0x00000000100046cc        0xa main/CMakeFiles/main.dir/home/gvaldez/pico/pico-sdk/src/rp2_common/pico_float/float_aeabi.S.obj
                0x00000000100046cc                __wrap___aeabi_fcmpgt
 .text.__wrap___aeabi_ui2f
                0x00000000100046d6        0xa main/CMakeFiles/main.dir/home/gvaldez/pico/pico-sdk/src/rp2_common/pico_float/float_aeabi.S.obj
                0x00000000100046d6                __wrap___aeabi_ui2f
 .text.__wrap___aeabi_i2f
                0x00000000100046e0       0x44 main/CMakeFiles/main.dir/home/gvaldez/pico/pico-sdk/src/rp2_common/pico_float/float_aeabi.S.obj
                0x00000000100046e0                __wrap___aeabi_i2f
 .text.__wrap___aeabi_f2iz
                0x0000000010004724       0x4e main/CMakeFiles/main.dir/home/gvaldez/pico/pico-sdk/src/rp2_common/pico_float/float_aeabi.S.obj
                0x0000000010004724                __wrap___aeabi_f2iz
                0x0000000010004724                float2int_z
 *fill*         0x0000000010004772        0x2 
 .text.float2int
                0x0000000010004774       0x14 main/CMakeFiles/main.dir/home/gvaldez/pico/pico-sdk/src/rp2_common/pico_float/float_aeabi.S.obj
                0x0000000010004774                float2int
 .text.__wrap___aeabi_f2uiz
                0x0000000010004788       0x10 main/CMakeFiles/main.dir/home/gvaldez/pico/pico-sdk/src/rp2_common/pico_float/float_aeabi.S.obj
                0x0000000010004788                __wrap___aeabi_f2uiz
 .text.__wrap___aeabi_ul2f
                0x0000000010004798       0x20 main/CMakeFiles/main.dir/home/gvaldez/pico/pico-sdk/src/rp2_common/pico_float/float_aeabi.S.obj
                0x000000001000479c                __wrap___aeabi_ul2f
 .text.__wrap___aeabi_f2d
                0x00000000100047b8       0x14 main/CMakeFiles/main.dir/home/gvaldez/pico/pico-sdk/src/rp2_common/pico_float/float_aeabi.S.obj
                0x00000000100047b8                __wrap___aeabi_f2d
 .text.__aeabi_float_init
                0x00000000100047cc       0xfc main/CMakeFiles/main.dir/home/gvaldez/pico/pico-sdk/src/rp2_common/pico_float/float_init_rom.c.obj
                0x00000000100047cc                __aeabi_float_init
 .text.float_table_shim_on_use_helper
                0x00000000100048c8       0x34 main/CMakeFiles/main.dir/home/gvaldez/pico/pico-sdk/src/rp2_common/pico_float/float_v1_rom_shim.S.obj
                0x00000000100048c8                float_table_shim_on_use_helper
 .text.642float_shims
                0x00000000100048fc       0x44 main/CMakeFiles/main.dir/home/gvaldez/pico/pico-sdk/src/rp2_common/pico_float/float_v1_rom_shim.S.obj
                0x00000000100048fc                uint642float_shim
                0x00000000100048fe                ufix642float_shim
                0x000000001000490e                int642float_shim
                0x0000000010004910                fix642float_shim
 .text.float232_shims
                0x0000000010004940       0x18 main/CMakeFiles/main.dir/home/gvaldez/pico/pico-sdk/src/rp2_common/pico_float/float_v1_rom_shim.S.obj
                0x0000000010004940                float2int_shim
                0x0000000010004942                float2fix_shim
 .text.float2double_shim
                0x0000000010004958       0x30 main/CMakeFiles/main.dir/home/gvaldez/pico/pico-sdk/src/rp2_common/pico_float/float_v1_rom_shim.S.obj
                0x0000000010004958                float2double_shim
 .text          0x0000000010004988       0x10 main/CMakeFiles/main.dir/home/gvaldez/pico/pico-sdk/src/rp2_common/pico_mem_ops/mem_ops_aeabi.S.obj
                0x0000000010004988                __aeabi_mem_init
 .text.memset   0x0000000010004998        0xc main/CMakeFiles/main.dir/home/gvaldez/pico/pico-sdk/src/rp2_common/pico_mem_ops/mem_ops_aeabi.S.obj
                0x0000000010004998                __wrap_memset
 .text.memcpy   0x00000000100049a4        0xc main/CMakeFiles/main.dir/home/gvaldez/pico/pico-sdk/src/rp2_common/pico_mem_ops/mem_ops_aeabi.S.obj
                0x00000000100049a4                __wrap___aeabi_memcpy
                0x00000000100049a4                __wrap_memcpy
 .text.stdio_out_chars_no_crlf
                0x00000000100049b0        0xe main/CMakeFiles/main.dir/home/gvaldez/pico/pico-sdk/src/rp2_common/pico_stdio/stdio.c.obj
 *fill*         0x00000000100049be        0x2 
 .text.stdio_out_chars_crlf
                0x00000000100049c0       0x80 main/CMakeFiles/main.dir/home/gvaldez/pico/pico-sdk/src/rp2_common/pico_stdio/stdio.c.obj
 .text.stdio_stack_buffer_flush
                0x0000000010004a40       0x44 main/CMakeFiles/main.dir/home/gvaldez/pico/pico-sdk/src/rp2_common/pico_stdio/stdio.c.obj
 .text.stdio_buffered_printer
                0x0000000010004a84       0x20 main/CMakeFiles/main.dir/home/gvaldez/pico/pico-sdk/src/rp2_common/pico_stdio/stdio.c.obj
 .text.stdout_serialize_begin
                0x0000000010004aa4       0x30 main/CMakeFiles/main.dir/home/gvaldez/pico/pico-sdk/src/rp2_common/pico_stdio/stdio.c.obj
                0x0000000010004aa4                stdout_serialize_begin
 .text.stdout_serialize_end
                0x0000000010004ad4       0x10 main/CMakeFiles/main.dir/home/gvaldez/pico/pico-sdk/src/rp2_common/pico_stdio/stdio.c.obj
                0x0000000010004ad4                stdout_serialize_end
 .text.stdio_put_string
                0x0000000010004ae4       0x94 main/CMakeFiles/main.dir/home/gvaldez/pico/pico-sdk/src/rp2_common/pico_stdio/stdio.c.obj
 .text.stdio_set_driver_enabled
                0x0000000010004b78       0x2c main/CMakeFiles/main.dir/home/gvaldez/pico/pico-sdk/src/rp2_common/pico_stdio/stdio.c.obj
                0x0000000010004b78                stdio_set_driver_enabled
 .text.stdio_flush
                0x0000000010004ba4       0x20 main/CMakeFiles/main.dir/home/gvaldez/pico/pico-sdk/src/rp2_common/pico_stdio/stdio.c.obj
                0x0000000010004ba4                stdio_flush
 .text.__wrap_puts
                0x0000000010004bc4       0x1e main/CMakeFiles/main.dir/home/gvaldez/pico/pico-sdk/src/rp2_common/pico_stdio/stdio.c.obj
                0x0000000010004bc4                __wrap_puts
 *fill*         0x0000000010004be2        0x2 
 .text.__wrap_vprintf
                0x0000000010004be4       0x44 main/CMakeFiles/main.dir/home/gvaldez/pico/pico-sdk/src/rp2_common/pico_stdio/stdio.c.obj
                0x0000000010004be4                __wrap_vprintf
 .text.__wrap_printf
                0x0000000010004c28       0x18 main/CMakeFiles/main.dir/home/gvaldez/pico/pico-sdk/src/rp2_common/pico_stdio/stdio.c.obj
                0x0000000010004c28                __wrap_printf
 .text.stdio_init_all
                0x0000000010004c40        0xc main/CMakeFiles/main.dir/home/gvaldez/pico/pico-sdk/src/rp2_common/pico_stdio/stdio.c.obj
                0x0000000010004c40                stdio_init_all
 .text.stdio_uart_out_chars
                0x0000000010004c4c       0x74 main/CMakeFiles/main.dir/home/gvaldez/pico/pico-sdk/src/rp2_common/pico_stdio_uart/stdio_uart.c.obj
 .text.stdio_uart_in_chars
                0x0000000010004cc0       0x54 main/CMakeFiles/main.dir/home/gvaldez/pico/pico-sdk/src/rp2_common/pico_stdio_uart/stdio_uart.c.obj
                0x0000000010004cc0                stdio_uart_in_chars
 .text.stdio_uart_init_full
                0x0000000010004d14       0x3c main/CMakeFiles/main.dir/home/gvaldez/pico/pico-sdk/src/rp2_common/pico_stdio_uart/stdio_uart.c.obj
                0x0000000010004d14                stdio_uart_init_full
 .text.stdio_uart_init
                0x0000000010004d50       0x28 main/CMakeFiles/main.dir/home/gvaldez/pico/pico-sdk/src/rp2_common/pico_stdio_uart/stdio_uart.c.obj
                0x0000000010004d50                stdio_uart_init
 .text.resetd_init
                0x0000000010004d78        0x2 main/CMakeFiles/main.dir/home/gvaldez/pico/pico-sdk/src/rp2_common/pico_stdio_usb/reset_interface.c.obj
 *fill*         0x0000000010004d7a        0x2 
 .text.resetd_reset
                0x0000000010004d7c        0xc main/CMakeFiles/main.dir/home/gvaldez/pico/pico-sdk/src/rp2_common/pico_stdio_usb/reset_interface.c.obj
 .text.resetd_open
                0x0000000010004d88       0x34 main/CMakeFiles/main.dir/home/gvaldez/pico/pico-sdk/src/rp2_common/pico_stdio_usb/reset_interface.c.obj
 .text.resetd_xfer_cb
                0x0000000010004dbc        0x4 main/CMakeFiles/main.dir/home/gvaldez/pico/pico-sdk/src/rp2_common/pico_stdio_usb/reset_interface.c.obj
 .text.resetd_control_xfer_cb
                0x0000000010004dc0       0x6c main/CMakeFiles/main.dir/home/gvaldez/pico/pico-sdk/src/rp2_common/pico_stdio_usb/reset_interface.c.obj
 .text.usbd_app_driver_get_cb
                0x0000000010004e2c        0xc main/CMakeFiles/main.dir/home/gvaldez/pico/pico-sdk/src/rp2_common/pico_stdio_usb/reset_interface.c.obj
                0x0000000010004e2c                usbd_app_driver_get_cb
 .text.tud_cdc_line_coding_cb
                0x0000000010004e38       0x34 main/CMakeFiles/main.dir/home/gvaldez/pico/pico-sdk/src/rp2_common/pico_stdio_usb/reset_interface.c.obj
                0x0000000010004e38                tud_cdc_line_coding_cb
 .text.stdio_usb_in_chars
                0x0000000010004e6c       0x70 main/CMakeFiles/main.dir/home/gvaldez/pico/pico-sdk/src/rp2_common/pico_stdio_usb/stdio_usb.c.obj
                0x0000000010004e6c                stdio_usb_in_chars
 .text.low_priority_worker_irq
                0x0000000010004edc       0x20 main/CMakeFiles/main.dir/home/gvaldez/pico/pico-sdk/src/rp2_common/pico_stdio_usb/stdio_usb.c.obj
 .text.stdio_usb_out_chars
                0x0000000010004efc       0xd4 main/CMakeFiles/main.dir/home/gvaldez/pico/pico-sdk/src/rp2_common/pico_stdio_usb/stdio_usb.c.obj
 .text.timer_task
                0x0000000010004fd0       0x40 main/CMakeFiles/main.dir/home/gvaldez/pico/pico-sdk/src/rp2_common/pico_stdio_usb/stdio_usb.c.obj
 .text.usb_irq  0x0000000010005010       0x10 main/CMakeFiles/main.dir/home/gvaldez/pico/pico-sdk/src/rp2_common/pico_stdio_usb/stdio_usb.c.obj
 .text.stdio_usb_init
                0x0000000010005020       0xe8 main/CMakeFiles/main.dir/home/gvaldez/pico/pico-sdk/src/rp2_common/pico_stdio_usb/stdio_usb.c.obj
                0x0000000010005020                stdio_usb_init
 .text.tud_descriptor_device_cb
                0x0000000010005108        0x8 main/CMakeFiles/main.dir/home/gvaldez/pico/pico-sdk/src/rp2_common/pico_stdio_usb/stdio_usb_descriptors.c.obj
                0x0000000010005108                tud_descriptor_device_cb
 .text.tud_descriptor_configuration_cb
                0x0000000010005110        0x8 main/CMakeFiles/main.dir/home/gvaldez/pico/pico-sdk/src/rp2_common/pico_stdio_usb/stdio_usb_descriptors.c.obj
                0x0000000010005110                tud_descriptor_configuration_cb
 .text.tud_descriptor_string_cb
                0x0000000010005118       0x6c main/CMakeFiles/main.dir/home/gvaldez/pico/pico-sdk/src/rp2_common/pico_stdio_usb/stdio_usb_descriptors.c.obj
                0x0000000010005118                tud_descriptor_string_cb
 .text.hw_endpoint_get_by_addr
                0x0000000010005184       0x18 main/CMakeFiles/main.dir/home/gvaldez/pico/pico-sdk/lib/tinyusb/src/portable/raspberrypi/rp2040/dcd_rp2040.c.obj
 .text.reset_ep0_pid
                0x000000001000519c       0x28 main/CMakeFiles/main.dir/home/gvaldez/pico/pico-sdk/lib/tinyusb/src/portable/raspberrypi/rp2040/dcd_rp2040.c.obj
 .text._hw_endpoint_alloc
                0x00000000100051c4       0x70 main/CMakeFiles/main.dir/home/gvaldez/pico/pico-sdk/lib/tinyusb/src/portable/raspberrypi/rp2040/dcd_rp2040.c.obj
 .text.hw_endpoint_init
                0x0000000010005234       0x88 main/CMakeFiles/main.dir/home/gvaldez/pico/pico-sdk/lib/tinyusb/src/portable/raspberrypi/rp2040/dcd_rp2040.c.obj
 .text.reset_non_control_endpoints
                0x00000000100052bc       0x40 main/CMakeFiles/main.dir/home/gvaldez/pico/pico-sdk/lib/tinyusb/src/portable/raspberrypi/rp2040/dcd_rp2040.c.obj
 .text.hw_handle_buff_status
                0x00000000100052fc       0x8c main/CMakeFiles/main.dir/home/gvaldez/pico/pico-sdk/lib/tinyusb/src/portable/raspberrypi/rp2040/dcd_rp2040.c.obj
 .text.dcd_rp2040_irq
                0x0000000010005388       0xbc main/CMakeFiles/main.dir/home/gvaldez/pico/pico-sdk/lib/tinyusb/src/portable/raspberrypi/rp2040/dcd_rp2040.c.obj
 .text.hw_endpoint_xfer
                0x0000000010005444       0x14 main/CMakeFiles/main.dir/home/gvaldez/pico/pico-sdk/lib/tinyusb/src/portable/raspberrypi/rp2040/dcd_rp2040.c.obj
 .text.dcd_int_enable
                0x0000000010005458       0x2c main/CMakeFiles/main.dir/home/gvaldez/pico/pico-sdk/lib/tinyusb/src/portable/raspberrypi/rp2040/dcd_rp2040.c.obj
                0x0000000010005458                dcd_int_enable
 .text.dcd_set_address
                0x0000000010005484       0x2c main/CMakeFiles/main.dir/home/gvaldez/pico/pico-sdk/lib/tinyusb/src/portable/raspberrypi/rp2040/dcd_rp2040.c.obj
                0x0000000010005484                dcd_set_address
 .text.dcd_connect
                0x00000000100054b0       0x10 main/CMakeFiles/main.dir/home/gvaldez/pico/pico-sdk/lib/tinyusb/src/portable/raspberrypi/rp2040/dcd_rp2040.c.obj
                0x00000000100054b0                dcd_connect
 .text.dcd_init
                0x00000000100054c0       0x7c main/CMakeFiles/main.dir/home/gvaldez/pico/pico-sdk/lib/tinyusb/src/portable/raspberrypi/rp2040/dcd_rp2040.c.obj
                0x00000000100054c0                dcd_init
 .text.dcd_edpt0_status_complete
                0x000000001000553c       0x1c main/CMakeFiles/main.dir/home/gvaldez/pico/pico-sdk/lib/tinyusb/src/portable/raspberrypi/rp2040/dcd_rp2040.c.obj
                0x000000001000553c                dcd_edpt0_status_complete
 .text.dcd_edpt_open
                0x0000000010005558       0x40 main/CMakeFiles/main.dir/home/gvaldez/pico/pico-sdk/lib/tinyusb/src/portable/raspberrypi/rp2040/dcd_rp2040.c.obj
                0x0000000010005558                dcd_edpt_open
 .text.dcd_edpt_close_all
                0x0000000010005598        0x8 main/CMakeFiles/main.dir/home/gvaldez/pico/pico-sdk/lib/tinyusb/src/portable/raspberrypi/rp2040/dcd_rp2040.c.obj
                0x0000000010005598                dcd_edpt_close_all
 .text.dcd_edpt_xfer
                0x00000000100055a0       0x30 main/CMakeFiles/main.dir/home/gvaldez/pico/pico-sdk/lib/tinyusb/src/portable/raspberrypi/rp2040/dcd_rp2040.c.obj
                0x00000000100055a0                dcd_edpt_xfer
 .text.dcd_edpt_stall
                0x00000000100055d0       0x2c main/CMakeFiles/main.dir/home/gvaldez/pico/pico-sdk/lib/tinyusb/src/portable/raspberrypi/rp2040/dcd_rp2040.c.obj
                0x00000000100055d0                dcd_edpt_stall
 .text.dcd_edpt_clear_stall
                0x00000000100055fc       0x20 main/CMakeFiles/main.dir/home/gvaldez/pico/pico-sdk/lib/tinyusb/src/portable/raspberrypi/rp2040/dcd_rp2040.c.obj
                0x00000000100055fc                dcd_edpt_clear_stall
 .text.prepare_ep_buffer
                0x000000001000561c       0x70 main/CMakeFiles/main.dir/home/gvaldez/pico/pico-sdk/lib/tinyusb/src/portable/raspberrypi/rp2040/rp2040_usb.c.obj
 .text.sync_ep_buffer
                0x000000001000568c       0x7c main/CMakeFiles/main.dir/home/gvaldez/pico/pico-sdk/lib/tinyusb/src/portable/raspberrypi/rp2040/rp2040_usb.c.obj
 .text._hw_endpoint_xfer_sync
                0x0000000010005708       0x28 main/CMakeFiles/main.dir/home/gvaldez/pico/pico-sdk/lib/tinyusb/src/portable/raspberrypi/rp2040/rp2040_usb.c.obj
 .text.rp2040_usb_init
                0x0000000010005730       0x4c main/CMakeFiles/main.dir/home/gvaldez/pico/pico-sdk/lib/tinyusb/src/portable/raspberrypi/rp2040/rp2040_usb.c.obj
                0x0000000010005730                rp2040_usb_init
 .text.hw_endpoint_reset_transfer
                0x000000001000577c        0xc main/CMakeFiles/main.dir/home/gvaldez/pico/pico-sdk/lib/tinyusb/src/portable/raspberrypi/rp2040/rp2040_usb.c.obj
                0x000000001000577c                hw_endpoint_reset_transfer
 .text._hw_endpoint_buffer_control_update32
                0x0000000010005788       0x58 main/CMakeFiles/main.dir/home/gvaldez/pico/pico-sdk/lib/tinyusb/src/portable/raspberrypi/rp2040/rp2040_usb.c.obj
                0x0000000010005788                _hw_endpoint_buffer_control_update32
 .text._hw_endpoint_start_next_buffer
                0x00000000100057e0       0x74 main/CMakeFiles/main.dir/home/gvaldez/pico/pico-sdk/lib/tinyusb/src/portable/raspberrypi/rp2040/rp2040_usb.c.obj
 .text.hw_endpoint_xfer_start
                0x0000000010005854       0x48 main/CMakeFiles/main.dir/home/gvaldez/pico/pico-sdk/lib/tinyusb/src/portable/raspberrypi/rp2040/rp2040_usb.c.obj
                0x0000000010005854                hw_endpoint_xfer_start
 .text.hw_endpoint_xfer_continue
                0x000000001000589c       0x38 main/CMakeFiles/main.dir/home/gvaldez/pico/pico-sdk/lib/tinyusb/src/portable/raspberrypi/rp2040/rp2040_usb.c.obj
                0x000000001000589c                hw_endpoint_xfer_continue
 .text.configuration_reset
                0x00000000100058d4       0x84 main/CMakeFiles/main.dir/home/gvaldez/pico/pico-sdk/lib/tinyusb/src/device/usbd.c.obj
 .text.usbd_reset
                0x0000000010005958        0xc main/CMakeFiles/main.dir/home/gvaldez/pico/pico-sdk/lib/tinyusb/src/device/usbd.c.obj
 .text.invoke_class_control
                0x0000000010005964       0x1a main/CMakeFiles/main.dir/home/gvaldez/pico/pico-sdk/lib/tinyusb/src/device/usbd.c.obj
 *fill*         0x000000001000597e        0x2 
 .text.process_set_config
                0x0000000010005980      0x1a8 main/CMakeFiles/main.dir/home/gvaldez/pico/pico-sdk/lib/tinyusb/src/device/usbd.c.obj
 .text.process_get_descriptor
                0x0000000010005b28       0xf8 main/CMakeFiles/main.dir/home/gvaldez/pico/pico-sdk/lib/tinyusb/src/device/usbd.c.obj
 .text.tud_mounted
                0x0000000010005c20       0x10 main/CMakeFiles/main.dir/home/gvaldez/pico/pico-sdk/lib/tinyusb/src/device/usbd.c.obj
                0x0000000010005c20                tud_mounted
 .text.tud_suspended
                0x0000000010005c30       0x10 main/CMakeFiles/main.dir/home/gvaldez/pico/pico-sdk/lib/tinyusb/src/device/usbd.c.obj
                0x0000000010005c30                tud_suspended
 .text.tud_inited
                0x0000000010005c40        0xc main/CMakeFiles/main.dir/home/gvaldez/pico/pico-sdk/lib/tinyusb/src/device/usbd.c.obj
                0x0000000010005c40                tud_inited
 .text.tud_init
                0x0000000010005c4c       0xcc main/CMakeFiles/main.dir/home/gvaldez/pico/pico-sdk/lib/tinyusb/src/device/usbd.c.obj
                0x0000000010005c4c                tud_init
 .text.dcd_event_handler
                0x0000000010005d18      0x1e0 main/CMakeFiles/main.dir/home/gvaldez/pico/pico-sdk/lib/tinyusb/src/device/usbd.c.obj
                0x0000000010005d18                dcd_event_handler
 .text.dcd_event_bus_signal
                0x0000000010005ef8       0x28 main/CMakeFiles/main.dir/home/gvaldez/pico/pico-sdk/lib/tinyusb/src/device/usbd.c.obj
                0x0000000010005ef8                dcd_event_bus_signal
 .text.dcd_event_bus_reset
                0x0000000010005f20       0x2c main/CMakeFiles/main.dir/home/gvaldez/pico/pico-sdk/lib/tinyusb/src/device/usbd.c.obj
                0x0000000010005f20                dcd_event_bus_reset
 .text.dcd_event_setup_received
                0x0000000010005f4c       0x34 main/CMakeFiles/main.dir/home/gvaldez/pico/pico-sdk/lib/tinyusb/src/device/usbd.c.obj
                0x0000000010005f4c                dcd_event_setup_received
 .text.dcd_event_xfer_complete
                0x0000000010005f80       0x46 main/CMakeFiles/main.dir/home/gvaldez/pico/pico-sdk/lib/tinyusb/src/device/usbd.c.obj
                0x0000000010005f80                dcd_event_xfer_complete
 *fill*         0x0000000010005fc6        0x2 
 .text.usbd_edpt_open
                0x0000000010005fc8       0x58 main/CMakeFiles/main.dir/home/gvaldez/pico/pico-sdk/lib/tinyusb/src/device/usbd.c.obj
                0x0000000010005fc8                usbd_edpt_open
 .text.usbd_open_edpt_pair
                0x0000000010006020       0x8c main/CMakeFiles/main.dir/home/gvaldez/pico/pico-sdk/lib/tinyusb/src/device/usbd.c.obj
                0x0000000010006020                usbd_open_edpt_pair
 .text.usbd_edpt_claim
                0x00000000100060ac       0x88 main/CMakeFiles/main.dir/home/gvaldez/pico/pico-sdk/lib/tinyusb/src/device/usbd.c.obj
                0x00000000100060ac                usbd_edpt_claim
 .text.usbd_edpt_release
                0x0000000010006134       0x68 main/CMakeFiles/main.dir/home/gvaldez/pico/pico-sdk/lib/tinyusb/src/device/usbd.c.obj
                0x0000000010006134                usbd_edpt_release
 .text.usbd_edpt_xfer
                0x000000001000619c       0x80 main/CMakeFiles/main.dir/home/gvaldez/pico/pico-sdk/lib/tinyusb/src/device/usbd.c.obj
                0x000000001000619c                usbd_edpt_xfer
 .text.usbd_edpt_stall
                0x000000001000621c       0x40 main/CMakeFiles/main.dir/home/gvaldez/pico/pico-sdk/lib/tinyusb/src/device/usbd.c.obj
                0x000000001000621c                usbd_edpt_stall
 .text.usbd_edpt_clear_stall
                0x000000001000625c       0x40 main/CMakeFiles/main.dir/home/gvaldez/pico/pico-sdk/lib/tinyusb/src/device/usbd.c.obj
                0x000000001000625c                usbd_edpt_clear_stall
 .text.usbd_edpt_stalled
                0x000000001000629c       0x1c main/CMakeFiles/main.dir/home/gvaldez/pico/pico-sdk/lib/tinyusb/src/device/usbd.c.obj
                0x000000001000629c                usbd_edpt_stalled
 .text.process_control_request
                0x00000000100062b8      0x3bc main/CMakeFiles/main.dir/home/gvaldez/pico/pico-sdk/lib/tinyusb/src/device/usbd.c.obj
 .text.tud_task
                0x0000000010006674      0x218 main/CMakeFiles/main.dir/home/gvaldez/pico/pico-sdk/lib/tinyusb/src/device/usbd.c.obj
                0x0000000010006674                tud_task
 .text._data_stage_xact
                0x000000001000688c       0x58 main/CMakeFiles/main.dir/home/gvaldez/pico/pico-sdk/lib/tinyusb/src/device/usbd_control.c.obj
 .text.tud_control_status
                0x00000000100068e4       0x38 main/CMakeFiles/main.dir/home/gvaldez/pico/pico-sdk/lib/tinyusb/src/device/usbd_control.c.obj
                0x00000000100068e4                tud_control_status
 .text.tud_control_xfer
                0x000000001000691c       0xa4 main/CMakeFiles/main.dir/home/gvaldez/pico/pico-sdk/lib/tinyusb/src/device/usbd_control.c.obj
                0x000000001000691c                tud_control_xfer
 .text.usbd_control_reset
                0x00000000100069c0       0x14 main/CMakeFiles/main.dir/home/gvaldez/pico/pico-sdk/lib/tinyusb/src/device/usbd_control.c.obj
                0x00000000100069c0                usbd_control_reset
 .text.usbd_control_set_complete_callback
                0x00000000100069d4        0xc main/CMakeFiles/main.dir/home/gvaldez/pico/pico-sdk/lib/tinyusb/src/device/usbd_control.c.obj
                0x00000000100069d4                usbd_control_set_complete_callback
 .text.usbd_control_set_request
                0x00000000100069e0       0x1c main/CMakeFiles/main.dir/home/gvaldez/pico/pico-sdk/lib/tinyusb/src/device/usbd_control.c.obj
                0x00000000100069e0                usbd_control_set_request
 .text.usbd_control_xfer_cb
                0x00000000100069fc       0xfc main/CMakeFiles/main.dir/home/gvaldez/pico/pico-sdk/lib/tinyusb/src/device/usbd_control.c.obj
                0x00000000100069fc                usbd_control_xfer_cb
 .text._prep_out_transaction
                0x0000000010006af8       0x46 main/CMakeFiles/main.dir/home/gvaldez/pico/pico-sdk/lib/tinyusb/src/class/cdc/cdc_device.c.obj
 *fill*         0x0000000010006b3e        0x2 
 .text.tud_cdc_n_connected
                0x0000000010006b40       0x44 main/CMakeFiles/main.dir/home/gvaldez/pico/pico-sdk/lib/tinyusb/src/class/cdc/cdc_device.c.obj
                0x0000000010006b40                tud_cdc_n_connected
 .text.tud_cdc_n_available
                0x0000000010006b84       0x18 main/CMakeFiles/main.dir/home/gvaldez/pico/pico-sdk/lib/tinyusb/src/class/cdc/cdc_device.c.obj
                0x0000000010006b84                tud_cdc_n_available
 .text.tud_cdc_n_read
                0x0000000010006b9c       0x28 main/CMakeFiles/main.dir/home/gvaldez/pico/pico-sdk/lib/tinyusb/src/class/cdc/cdc_device.c.obj
                0x0000000010006b9c                tud_cdc_n_read
 .text.tud_cdc_n_write_flush
                0x0000000010006bc4       0xcc main/CMakeFiles/main.dir/home/gvaldez/pico/pico-sdk/lib/tinyusb/src/class/cdc/cdc_device.c.obj
                0x0000000010006bc4                tud_cdc_n_write_flush
 .text.tud_cdc_n_write
                0x0000000010006c90       0x38 main/CMakeFiles/main.dir/home/gvaldez/pico/pico-sdk/lib/tinyusb/src/class/cdc/cdc_device.c.obj
                0x0000000010006c90                tud_cdc_n_write
 .text.tud_cdc_n_write_available
                0x0000000010006cc8       0x1c main/CMakeFiles/main.dir/home/gvaldez/pico/pico-sdk/lib/tinyusb/src/class/cdc/cdc_device.c.obj
                0x0000000010006cc8                tud_cdc_n_write_available
 .text.cdcd_init
                0x0000000010006ce4       0xb8 main/CMakeFiles/main.dir/home/gvaldez/pico/pico-sdk/lib/tinyusb/src/class/cdc/cdc_device.c.obj
                0x0000000010006ce4                cdcd_init
 .text.cdcd_reset
                0x0000000010006d9c       0x44 main/CMakeFiles/main.dir/home/gvaldez/pico/pico-sdk/lib/tinyusb/src/class/cdc/cdc_device.c.obj
                0x0000000010006d9c                cdcd_reset
 .text.cdcd_open
                0x0000000010006de0       0xf8 main/CMakeFiles/main.dir/home/gvaldez/pico/pico-sdk/lib/tinyusb/src/class/cdc/cdc_device.c.obj
                0x0000000010006de0                cdcd_open
 .text.cdcd_control_xfer_cb
                0x0000000010006ed8      0x134 main/CMakeFiles/main.dir/home/gvaldez/pico/pico-sdk/lib/tinyusb/src/class/cdc/cdc_device.c.obj
                0x0000000010006ed8                cdcd_control_xfer_cb
 .text.cdcd_xfer_cb
                0x000000001000700c      0x13c main/CMakeFiles/main.dir/home/gvaldez/pico/pico-sdk/lib/tinyusb/src/class/cdc/cdc_device.c.obj
                0x000000001000700c                cdcd_xfer_cb
 .text.tusb_init
                0x0000000010007148       0x24 main/CMakeFiles/main.dir/home/gvaldez/pico/pico-sdk/lib/tinyusb/src/tusb.c.obj
                0x0000000010007148                tusb_init
 .text.tusb_inited
                0x000000001000716c        0xe main/CMakeFiles/main.dir/home/gvaldez/pico/pico-sdk/lib/tinyusb/src/tusb.c.obj
                0x000000001000716c                tusb_inited
 *fill*         0x000000001000717a        0x2 
 .text.tu_edpt_validate
                0x000000001000717c       0xa8 main/CMakeFiles/main.dir/home/gvaldez/pico/pico-sdk/lib/tinyusb/src/tusb.c.obj
                0x000000001000717c                tu_edpt_validate
 .text.tu_edpt_bind_driver
                0x0000000010007224       0x2a main/CMakeFiles/main.dir/home/gvaldez/pico/pico-sdk/lib/tinyusb/src/tusb.c.obj
                0x0000000010007224                tu_edpt_bind_driver
 .text.advance_pointer
                0x000000001000724e       0x18 main/CMakeFiles/main.dir/home/gvaldez/pico/pico-sdk/lib/tinyusb/src/common/tusb_fifo.c.obj
 .text.backward_pointer
                0x0000000010007266       0x1e main/CMakeFiles/main.dir/home/gvaldez/pico/pico-sdk/lib/tinyusb/src/common/tusb_fifo.c.obj
 .text.get_relative_pointer
                0x0000000010007284       0x10 main/CMakeFiles/main.dir/home/gvaldez/pico/pico-sdk/lib/tinyusb/src/common/tusb_fifo.c.obj
 .text._tu_fifo_peek
                0x0000000010007294       0x4c main/CMakeFiles/main.dir/home/gvaldez/pico/pico-sdk/lib/tinyusb/src/common/tusb_fifo.c.obj
 .text._ff_pull_const_addr
                0x00000000100072e0       0x46 main/CMakeFiles/main.dir/home/gvaldez/pico/pico-sdk/lib/tinyusb/src/common/tusb_fifo.c.obj
 .text._ff_pull_n
                0x0000000010007326      0x100 main/CMakeFiles/main.dir/home/gvaldez/pico/pico-sdk/lib/tinyusb/src/common/tusb_fifo.c.obj
 .text._tu_fifo_peek_n
                0x0000000010007426       0x5e main/CMakeFiles/main.dir/home/gvaldez/pico/pico-sdk/lib/tinyusb/src/common/tusb_fifo.c.obj
 .text._tu_fifo_read_n
                0x0000000010007484       0x4e main/CMakeFiles/main.dir/home/gvaldez/pico/pico-sdk/lib/tinyusb/src/common/tusb_fifo.c.obj
 .text._ff_push_const_addr
                0x00000000100074d2       0x3a main/CMakeFiles/main.dir/home/gvaldez/pico/pico-sdk/lib/tinyusb/src/common/tusb_fifo.c.obj
 .text._ff_push_n
                0x000000001000750c       0xfa main/CMakeFiles/main.dir/home/gvaldez/pico/pico-sdk/lib/tinyusb/src/common/tusb_fifo.c.obj
 .text._tu_fifo_write_n
                0x0000000010007606       0x9e main/CMakeFiles/main.dir/home/gvaldez/pico/pico-sdk/lib/tinyusb/src/common/tusb_fifo.c.obj
 .text.tu_fifo_config
                0x00000000100076a4       0x72 main/CMakeFiles/main.dir/home/gvaldez/pico/pico-sdk/lib/tinyusb/src/common/tusb_fifo.c.obj
                0x00000000100076a4                tu_fifo_config
 .text.tu_fifo_count
                0x0000000010007716       0x24 main/CMakeFiles/main.dir/home/gvaldez/pico/pico-sdk/lib/tinyusb/src/common/tusb_fifo.c.obj
                0x0000000010007716                tu_fifo_count
 .text.tu_fifo_empty
                0x000000001000773a        0xe main/CMakeFiles/main.dir/home/gvaldez/pico/pico-sdk/lib/tinyusb/src/common/tusb_fifo.c.obj
                0x000000001000773a                tu_fifo_empty
 .text.tu_fifo_remaining
                0x0000000010007748       0x20 main/CMakeFiles/main.dir/home/gvaldez/pico/pico-sdk/lib/tinyusb/src/common/tusb_fifo.c.obj
                0x0000000010007748                tu_fifo_remaining
 .text.tu_fifo_read
                0x0000000010007768       0x42 main/CMakeFiles/main.dir/home/gvaldez/pico/pico-sdk/lib/tinyusb/src/common/tusb_fifo.c.obj
                0x0000000010007768                tu_fifo_read
 .text.tu_fifo_read_n
                0x00000000100077aa        0xa main/CMakeFiles/main.dir/home/gvaldez/pico/pico-sdk/lib/tinyusb/src/common/tusb_fifo.c.obj
                0x00000000100077aa                tu_fifo_read_n
 .text.tu_fifo_write
                0x00000000100077b4       0x6c main/CMakeFiles/main.dir/home/gvaldez/pico/pico-sdk/lib/tinyusb/src/common/tusb_fifo.c.obj
                0x00000000100077b4                tu_fifo_write
 .text.tu_fifo_write_n
                0x0000000010007820        0xa main/CMakeFiles/main.dir/home/gvaldez/pico/pico-sdk/lib/tinyusb/src/common/tusb_fifo.c.obj
                0x0000000010007820                tu_fifo_write_n
 .text.tu_fifo_clear
                0x000000001000782a       0x4c main/CMakeFiles/main.dir/home/gvaldez/pico/pico-sdk/lib/tinyusb/src/common/tusb_fifo.c.obj
                0x000000001000782a                tu_fifo_clear
 .text.tu_fifo_set_overwritable
                0x0000000010007876       0x3c main/CMakeFiles/main.dir/home/gvaldez/pico/pico-sdk/lib/tinyusb/src/common/tusb_fifo.c.obj
                0x0000000010007876                tu_fifo_set_overwritable
 *fill*         0x00000000100078b2        0x2 
 .text._retrieve_unique_id_on_boot
                0x00000000100078b4       0x10 main/CMakeFiles/main.dir/home/gvaldez/pico/pico-sdk/src/rp2_common/pico_unique_id/unique_id.c.obj
 .text.pico_get_unique_board_id_string
                0x00000000100078c4       0x60 main/CMakeFiles/main.dir/home/gvaldez/pico/pico-sdk/src/rp2_common/pico_unique_id/unique_id.c.obj
                0x00000000100078c4                pico_get_unique_board_id_string
 .text.flash_get_unique_id
                0x0000000010007924       0x40 main/CMakeFiles/main.dir/home/gvaldez/pico/pico-sdk/src/rp2_common/hardware_flash/flash.c.obj
                0x0000000010007924                flash_get_unique_id
 .text.alarma   0x0000000010007964       0x10 app/quadrature_encoders/libquadrature_encoders.a(quadrature_encoders.c.obj)
                0x0000000010007964                alarma
 .text.fsm_encoder
                0x0000000010007974      0x63c app/quadrature_encoders/libquadrature_encoders.a(quadrature_encoders.c.obj)
 .text.gpio_callback_channel_ab
                0x0000000010007fb0       0x6c app/quadrature_encoders/libquadrature_encoders.a(quadrature_encoders.c.obj)
 .text.initPorts
                0x000000001000801c       0xb4 app/quadrature_encoders/libquadrature_encoders.a(quadrature_encoders.c.obj)
                0x000000001000801c                initPorts
 .text.setZero  0x00000000100080d0       0x44 app/quadrature_encoders/libquadrature_encoders.a(quadrature_encoders.c.obj)
                0x00000000100080d0                setZero
 .text.getData  0x0000000010008114       0x10 app/quadrature_encoders/libquadrature_encoders.a(quadrature_encoders.c.obj)
                0x0000000010008114                getData
 .text.init_pwm
                0x0000000010008124       0xa4 app/pwm_control/libpwm_control.a(pwm_control.c.obj)
                0x0000000010008124                init_pwm
 .text.set_pwm  0x00000000100081c8       0xa8 app/pwm_control/libpwm_control.a(pwm_control.c.obj)
                0x00000000100081c8                set_pwm
 .text.get_pwm  0x0000000010008270       0x10 app/pwm_control/libpwm_control.a(pwm_control.c.obj)
                0x0000000010008270                get_pwm
 .text.setttings_pid
                0x0000000010008280       0x30 app/pid_digital/libpid_digital.a(pid_digital.c.obj)
                0x0000000010008280                setttings_pid
 .text.compute_pid
                0x00000000100082b0      0x10c app/pid_digital/libpid_digital.a(pid_digital.c.obj)
                0x00000000100082b0                compute_pid
 .text          0x00000000100083bc       0x68 /usr/lib/gcc/arm-none-eabi/8.3.1/../../../arm-none-eabi/lib/thumb/v6-m/nofp/libg.a(lib_a-strlen-stub.o)
                0x00000000100083bc                strlen
 *(.fini)
 .fini          0x0000000010008424        0x4 /usr/lib/gcc/arm-none-eabi/8.3.1/thumb/v6-m/nofp/crti.o
                0x0000000010008424                _fini
 .fini.__stub   0x0000000010008428       0x70 linker stubs
 *crtbegin.o(.ctors)
 *crtbegin?.o(.ctors)
 *(EXCLUDE_FILE(*crtend.o *crtend?.o) .ctors)
 *(SORT_BY_NAME(.ctors.*))
 *(.ctors)
 *crtbegin.o(.dtors)
 *crtbegin?.o(.dtors)
 *(EXCLUDE_FILE(*crtend.o *crtend?.o) .dtors)
 *(SORT_BY_NAME(.dtors.*))
 *(.dtors)
 *(.eh_frame*)
 .eh_frame      0x0000000010008498        0x0 /usr/lib/gcc/arm-none-eabi/8.3.1/thumb/v6-m/nofp/crtbegin.o
                0x0000000010008498                . = ALIGN (0x4)

.glue_7         0x0000000010008498        0x0
 .glue_7        0x0000000010008498        0x0 linker stubs

.glue_7t        0x0000000010008498        0x0
 .glue_7t       0x0000000010008498        0x0 linker stubs

.vfp11_veneer   0x0000000010008498        0x0
 .vfp11_veneer  0x0000000010008498        0x0 linker stubs

.v4_bx          0x0000000010008498        0x0
 .v4_bx         0x0000000010008498        0x0 linker stubs

.iplt           0x0000000010008498        0x0
 .iplt          0x0000000010008498        0x0 /usr/lib/gcc/arm-none-eabi/8.3.1/thumb/v6-m/nofp/crtbegin.o

.rodata         0x0000000010008498     0x17c4
 *(EXCLUDE_FILE(*libm.a: *libc.a:*lib_a-mem*.o *libgcc.a:) .rodata*)
 .rodata        0x0000000010008498       0x10 main/CMakeFiles/main.dir/main.c.obj
 .rodata.main.str1.4
                0x00000000100084a8       0x14 main/CMakeFiles/main.dir/main.c.obj
 .rodata.systick.str1.4
                0x00000000100084bc        0xa main/CMakeFiles/main.dir/main.c.obj
 *fill*         0x00000000100084c6        0x2 
 .rodata.spin_lock_claim_unused.str1.4
                0x00000000100084c8       0x1b main/CMakeFiles/main.dir/home/gvaldez/pico/pico-sdk/src/rp2_common/hardware_sync/sync.c.obj
 *fill*         0x00000000100084e3        0x1 
 .rodata.__func__.4827
                0x00000000100084e4       0x1a main/CMakeFiles/main.dir/home/gvaldez/pico/pico-sdk/src/rp2_common/hardware_irq/irq.c.obj
 *fill*         0x00000000100084fe        0x2 
 .rodata.__func__.4841
                0x0000000010008500        0xc main/CMakeFiles/main.dir/home/gvaldez/pico/pico-sdk/src/rp2_common/hardware_irq/irq.c.obj
 .rodata.__func__.4849
                0x000000001000850c       0x17 main/CMakeFiles/main.dir/home/gvaldez/pico/pico-sdk/src/rp2_common/hardware_irq/irq.c.obj
 *fill*         0x0000000010008523        0x1 
 .rodata.__func__.4853
                0x0000000010008524        0xf main/CMakeFiles/main.dir/home/gvaldez/pico/pico-sdk/src/rp2_common/hardware_irq/irq.c.obj
 *fill*         0x0000000010008533        0x1 
 .rodata.__func__.4870
                0x0000000010008534       0x17 main/CMakeFiles/main.dir/home/gvaldez/pico/pico-sdk/src/rp2_common/hardware_irq/irq.c.obj
 *fill*         0x000000001000854b        0x1 
 .rodata.__func__.4892
                0x000000001000854c       0x13 main/CMakeFiles/main.dir/home/gvaldez/pico/pico-sdk/src/rp2_common/hardware_irq/irq.c.obj
 *fill*         0x000000001000855f        0x1 
 .rodata.__func__.4914
                0x0000000010008560       0x1a main/CMakeFiles/main.dir/home/gvaldez/pico/pico-sdk/src/rp2_common/hardware_irq/irq.c.obj
 *fill*         0x000000001000857a        0x2 
 .rodata.insert_branch_and_link.str1.4
                0x000000001000857c       0x10 main/CMakeFiles/main.dir/home/gvaldez/pico/pico-sdk/src/rp2_common/hardware_irq/irq.c.obj
 .rodata.irq_add_shared_handler.str1.4
                0x000000001000858c       0xd9 main/CMakeFiles/main.dir/home/gvaldez/pico/pico-sdk/src/rp2_common/hardware_irq/irq.c.obj
 *fill*         0x0000000010008665        0x3 
 .rodata.irq_add_tail_to_free_list.str1.4
                0x0000000010008668       0x3a main/CMakeFiles/main.dir/home/gvaldez/pico/pico-sdk/src/rp2_common/hardware_irq/irq.c.obj
 *fill*         0x00000000100086a2        0x2 
 .rodata.irq_remove_handler.str1.4
                0x00000000100086a4       0x2a main/CMakeFiles/main.dir/home/gvaldez/pico/pico-sdk/src/rp2_common/hardware_irq/irq.c.obj
 *fill*         0x00000000100086ce        0x2 
 .rodata.irq_set_exclusive_handler.str1.4
                0x00000000100086d0       0x36 main/CMakeFiles/main.dir/home/gvaldez/pico/pico-sdk/src/rp2_common/hardware_irq/irq.c.obj
 *fill*         0x0000000010008706        0x2 
 .rodata.make_branch.str1.4
                0x0000000010008708       0x6e main/CMakeFiles/main.dir/home/gvaldez/pico/pico-sdk/src/rp2_common/hardware_irq/irq.c.obj
 *fill*         0x0000000010008776        0x2 
 .rodata.user_irq_claim_unused.str1.4
                0x0000000010008778       0x1b main/CMakeFiles/main.dir/home/gvaldez/pico/pico-sdk/src/rp2_common/hardware_irq/irq.c.obj
 *fill*         0x0000000010008793        0x1 
 .rodata.__func__.5751
                0x0000000010008794       0x15 main/CMakeFiles/main.dir/home/gvaldez/pico/pico-sdk/src/common/pico_time/time.c.obj
 *fill*         0x00000000100087a9        0x3 
 .rodata.__func__.6069
                0x00000000100087ac        0xc main/CMakeFiles/main.dir/home/gvaldez/pico/pico-sdk/src/common/pico_time/time.c.obj
 .rodata.__func__.6076
                0x00000000100087b8       0x12 main/CMakeFiles/main.dir/home/gvaldez/pico/pico-sdk/src/common/pico_time/time.c.obj
 *fill*         0x00000000100087ca        0x2 
 .rodata.__func__.6092
                0x00000000100087cc        0xf main/CMakeFiles/main.dir/home/gvaldez/pico/pico-sdk/src/common/pico_time/time.c.obj
 *fill*         0x00000000100087db        0x1 
 .rodata.__func__.6114
                0x00000000100087dc        0xd main/CMakeFiles/main.dir/home/gvaldez/pico/pico-sdk/src/common/pico_time/time.c.obj
 *fill*         0x00000000100087e9        0x3 
 .rodata.__func__.6337
                0x00000000100087ec        0xa main/CMakeFiles/main.dir/home/gvaldez/pico/pico-sdk/src/common/pico_time/time.c.obj
 *fill*         0x00000000100087f6        0x2 
 .rodata.__func__.6342
                0x00000000100087f8       0x12 main/CMakeFiles/main.dir/home/gvaldez/pico/pico-sdk/src/common/pico_time/time.c.obj
 *fill*         0x000000001000880a        0x2 
 .rodata.__func__.6357
                0x000000001000880c       0x17 main/CMakeFiles/main.dir/home/gvaldez/pico/pico-sdk/src/common/pico_time/time.c.obj
 *fill*         0x0000000010008823        0x1 
 .rodata.__func__.6368
                0x0000000010008824       0x15 main/CMakeFiles/main.dir/home/gvaldez/pico/pico-sdk/src/common/pico_time/time.c.obj
 *fill*         0x0000000010008839        0x3 
 .rodata.__func__.6385
                0x000000001000883c       0x1a main/CMakeFiles/main.dir/home/gvaldez/pico/pico-sdk/src/common/pico_time/time.c.obj
 *fill*         0x0000000010008856        0x2 
 .rodata.__func__.6424
                0x0000000010008858       0x18 main/CMakeFiles/main.dir/home/gvaldez/pico/pico-sdk/src/common/pico_time/time.c.obj
 .rodata.__func__.6439
                0x0000000010008870       0x19 main/CMakeFiles/main.dir/home/gvaldez/pico/pico-sdk/src/common/pico_time/time.c.obj
 *fill*         0x0000000010008889        0x3 
 .rodata.add_alarm_under_lock.str1.4
                0x000000001000888c       0x28 main/CMakeFiles/main.dir/home/gvaldez/pico/pico-sdk/src/common/pico_time/time.c.obj
                                         0x2b (size before relaxing)
 .rodata.alarm_pool_alarm_callback.str1.4
                0x00000000100088b4       0xe6 main/CMakeFiles/main.dir/home/gvaldez/pico/pico-sdk/src/common/pico_time/time.c.obj
 *fill*         0x000000001000899a        0x2 
 .rodata.alarm_pool_cancel_alarm.str1.4
                0x000000001000899c       0x27 main/CMakeFiles/main.dir/home/gvaldez/pico/pico-sdk/src/common/pico_time/time.c.obj
 *fill*         0x00000000100089c3        0x1 
 .rodata.alarm_pool_dump_key.str1.4
                0x00000000100089c4       0x33 main/CMakeFiles/main.dir/home/gvaldez/pico/pico-sdk/src/common/pico_time/time.c.obj
 *fill*         0x00000000100089f7        0x1 
 .rodata.alarm_pool_get_default.str1.4
                0x00000000100089f8       0x21 main/CMakeFiles/main.dir/home/gvaldez/pico/pico-sdk/src/common/pico_time/time.c.obj
 *fill*         0x0000000010008a19        0x3 
 .rodata.ph_add_child_node.str1.4
                0x0000000010008a1c       0x96 main/CMakeFiles/main.dir/home/gvaldez/pico/pico-sdk/src/common/pico_time/time.c.obj
 *fill*         0x0000000010008ab2        0x2 
 .rodata.repeating_timer_callback.str1.4
                0x0000000010008ab4       0x4c main/CMakeFiles/main.dir/home/gvaldez/pico/pico-sdk/src/common/pico_time/time.c.obj
 .rodata.sleep_until.str1.4
                0x0000000010008b00       0x4d main/CMakeFiles/main.dir/home/gvaldez/pico/pico-sdk/src/common/pico_time/time.c.obj
 *fill*         0x0000000010008b4d        0x3 
 .rodata.__func__.4625
                0x0000000010008b50       0x1a main/CMakeFiles/main.dir/home/gvaldez/pico/pico-sdk/src/rp2_common/hardware_timer/timer.c.obj
 *fill*         0x0000000010008b6a        0x2 
 .rodata.hardware_alarm_claim.str1.4
                0x0000000010008b6c       0x22 main/CMakeFiles/main.dir/home/gvaldez/pico/pico-sdk/src/rp2_common/hardware_timer/timer.c.obj
 *fill*         0x0000000010008b8e        0x2 
 .rodata.hardware_alarm_set_target.str1.4
                0x0000000010008b90       0x66 main/CMakeFiles/main.dir/home/gvaldez/pico/pico-sdk/src/rp2_common/hardware_timer/timer.c.obj
 *fill*         0x0000000010008bf6        0x2 
 .rodata.__func__.5767
                0x0000000010008bf8        0xc main/CMakeFiles/main.dir/home/gvaldez/pico/pico-sdk/src/common/pico_util/pheap.c.obj
 .rodata.__func__.5774
                0x0000000010008c04       0x12 main/CMakeFiles/main.dir/home/gvaldez/pico/pico-sdk/src/common/pico_util/pheap.c.obj
 *fill*         0x0000000010008c16        0x2 
 .rodata.__func__.5860
                0x0000000010008c18       0x13 main/CMakeFiles/main.dir/home/gvaldez/pico/pico-sdk/src/common/pico_util/pheap.c.obj
 *fill*         0x0000000010008c2b        0x1 
 .rodata.__func__.5878
                0x0000000010008c2c       0x18 main/CMakeFiles/main.dir/home/gvaldez/pico/pico-sdk/src/common/pico_util/pheap.c.obj
 .rodata.ph_add_child_node.str1.4
                0x0000000010008c44       0x96 main/CMakeFiles/main.dir/home/gvaldez/pico/pico-sdk/src/common/pico_util/pheap.c.obj
 .rodata.ph_remove_and_free_node.str1.4
                0x0000000010008c44       0x1e main/CMakeFiles/main.dir/home/gvaldez/pico/pico-sdk/src/common/pico_util/pheap.c.obj
                                         0x26 (size before relaxing)
 *fill*         0x0000000010008c62        0x2 
 .rodata.ph_remove_any_head.str1.4
                0x0000000010008c64       0x90 main/CMakeFiles/main.dir/home/gvaldez/pico/pico-sdk/src/common/pico_util/pheap.c.obj
 .rodata.__func__.4243
                0x0000000010008cf4       0x15 main/CMakeFiles/main.dir/home/gvaldez/pico/pico-sdk/src/common/pico_sync/mutex.c.obj
 *fill*         0x0000000010008d09        0x3 
 .rodata.__func__.4740
                0x0000000010008d0c       0x18 main/CMakeFiles/main.dir/home/gvaldez/pico/pico-sdk/src/common/pico_sync/mutex.c.obj
 .rodata.__func__.4759
                0x0000000010008d24        0xb main/CMakeFiles/main.dir/home/gvaldez/pico/pico-sdk/src/common/pico_sync/mutex.c.obj
 *fill*         0x0000000010008d2f        0x1 
 .rodata.str1.4
                0x0000000010008d30       0x8d main/CMakeFiles/main.dir/home/gvaldez/pico/pico-sdk/src/common/pico_sync/mutex.c.obj
                                         0xf1 (size before relaxing)
 *fill*         0x0000000010008dbd        0x3 
 .rodata.__assert_func.str1.4
                0x0000000010008dc0       0x3f main/CMakeFiles/main.dir/home/gvaldez/pico/pico-sdk/src/rp2_common/pico_runtime/runtime.c.obj
                                         0x43 (size before relaxing)
 *fill*         0x0000000010008dff        0x1 
 .rodata.__func__.5885
                0x0000000010008e00        0xd main/CMakeFiles/main.dir/home/gvaldez/pico/pico-sdk/src/rp2_common/pico_runtime/runtime.c.obj
 *fill*         0x0000000010008e0d        0x3 
 .rodata.panic.str1.4
                0x0000000010008e10       0x12 main/CMakeFiles/main.dir/home/gvaldez/pico/pico-sdk/src/rp2_common/pico_runtime/runtime.c.obj
 *fill*         0x0000000010008e22        0x2 
 .rodata.runtime_init.str1.4
                0x0000000010008e24       0x62 main/CMakeFiles/main.dir/home/gvaldez/pico/pico-sdk/src/rp2_common/pico_runtime/runtime.c.obj
 *fill*         0x0000000010008e86        0x2 
 .rodata.__func__.4809
                0x0000000010008e88       0x10 main/CMakeFiles/main.dir/home/gvaldez/pico/pico-sdk/src/rp2_common/hardware_clocks/clocks.c.obj
 .rodata.clock_configure.str1.4
                0x0000000010008e98       0x58 main/CMakeFiles/main.dir/home/gvaldez/pico/pico-sdk/src/rp2_common/hardware_clocks/clocks.c.obj
 .rodata.__func__.4466
                0x0000000010008ef0        0x9 main/CMakeFiles/main.dir/home/gvaldez/pico/pico-sdk/src/rp2_common/hardware_pll/pll.c.obj
 *fill*         0x0000000010008ef9        0x3 
 .rodata.pll_init.str1.4
                0x0000000010008efc      0x13b main/CMakeFiles/main.dir/home/gvaldez/pico/pico-sdk/src/rp2_common/hardware_pll/pll.c.obj
 *fill*         0x0000000010009037        0x1 
 .rodata._vsnprintf
                0x0000000010009038      0x1e0 main/CMakeFiles/main.dir/home/gvaldez/pico/pico-sdk/src/rp2_common/pico_printf/printf.c.obj
 .rodata._ftoa.str1.4
                0x0000000010009218       0x15 main/CMakeFiles/main.dir/home/gvaldez/pico/pico-sdk/src/rp2_common/pico_printf/printf.c.obj
 *fill*         0x000000001000922d        0x3 
 .rodata.pow10.5481
                0x0000000010009230       0x50 main/CMakeFiles/main.dir/home/gvaldez/pico/pico-sdk/src/rp2_common/pico_printf/printf.c.obj
 .rodata.__aeabi_double_init.str1.4
                0x0000000010009280       0xa9 main/CMakeFiles/main.dir/home/gvaldez/pico/pico-sdk/src/rp2_common/pico_double/double_init_rom.c.obj
 *fill*         0x0000000010009329        0x3 
 .rodata.__func__.4778
                0x000000001000932c       0x14 main/CMakeFiles/main.dir/home/gvaldez/pico/pico-sdk/src/rp2_common/pico_double/double_init_rom.c.obj
 .rodata.__aeabi_float_init.str1.4
                0x0000000010009340       0x7b main/CMakeFiles/main.dir/home/gvaldez/pico/pico-sdk/src/rp2_common/pico_float/float_init_rom.c.obj
                                         0x7f (size before relaxing)
 *fill*         0x00000000100093bb        0x1 
 .rodata.__func__.4779
                0x00000000100093bc       0x13 main/CMakeFiles/main.dir/home/gvaldez/pico/pico-sdk/src/rp2_common/pico_float/float_init_rom.c.obj
 *fill*         0x00000000100093cf        0x1 
 .rodata.__bi_44
                0x00000000100093d0        0xc main/CMakeFiles/main.dir/home/gvaldez/pico/pico-sdk/src/rp2_common/pico_standard_link/binary_info.c.obj
 .rodata.__bi_75
                0x00000000100093dc        0xc main/CMakeFiles/main.dir/home/gvaldez/pico/pico-sdk/src/rp2_common/pico_standard_link/binary_info.c.obj
 .rodata.__bi_81
                0x00000000100093e8        0xc main/CMakeFiles/main.dir/home/gvaldez/pico/pico-sdk/src/rp2_common/pico_standard_link/binary_info.c.obj
 .rodata.str1.4
                0x00000000100093f4       0x3c main/CMakeFiles/main.dir/home/gvaldez/pico/pico-sdk/src/rp2_common/pico_standard_link/binary_info.c.obj
 .rodata.crlf_str.6115
                0x0000000010009430        0x2 main/CMakeFiles/main.dir/home/gvaldez/pico/pico-sdk/src/rp2_common/pico_stdio/stdio.c.obj
 *fill*         0x0000000010009432        0x2 
 .rodata.__bi_28.4913
                0x0000000010009434        0xc main/CMakeFiles/main.dir/home/gvaldez/pico/pico-sdk/src/rp2_common/pico_stdio_uart/stdio_uart.c.obj
 .rodata.__bi_29.4917
                0x0000000010009440        0x8 main/CMakeFiles/main.dir/home/gvaldez/pico/pico-sdk/src/rp2_common/pico_stdio_uart/stdio_uart.c.obj
 .rodata.str1.4
                0x0000000010009448       0x2c main/CMakeFiles/main.dir/home/gvaldez/pico/pico-sdk/src/rp2_common/pico_stdio_uart/stdio_uart.c.obj
 .rodata._resetd_driver
                0x0000000010009474       0x18 main/CMakeFiles/main.dir/home/gvaldez/pico/pico-sdk/src/rp2_common/pico_stdio_usb/reset_interface.c.obj
 .rodata.__bi_118.7293
                0x000000001000948c        0xc main/CMakeFiles/main.dir/home/gvaldez/pico/pico-sdk/src/rp2_common/pico_stdio_usb/stdio_usb.c.obj
 .rodata.__func__.5474
                0x0000000010009498       0x15 main/CMakeFiles/main.dir/home/gvaldez/pico/pico-sdk/src/rp2_common/pico_stdio_usb/stdio_usb.c.obj
 *fill*         0x00000000100094ad        0x3 
 .rodata.__func__.7267
                0x00000000100094b0        0xb main/CMakeFiles/main.dir/home/gvaldez/pico/pico-sdk/src/rp2_common/pico_stdio_usb/stdio_usb.c.obj
 .rodata.stdio_usb_init.str1.4
                0x00000000100094bb       0x62 main/CMakeFiles/main.dir/home/gvaldez/pico/pico-sdk/src/rp2_common/pico_stdio_usb/stdio_usb.c.obj
 *fill*         0x00000000100094bb        0x1 
 .rodata.str1.4
                0x00000000100094bc       0x13 main/CMakeFiles/main.dir/home/gvaldez/pico/pico-sdk/src/rp2_common/pico_stdio_usb/stdio_usb.c.obj
 *fill*         0x00000000100094cf        0x1 
 .rodata.timer_task.str1.4
                0x00000000100094d0       0x6e main/CMakeFiles/main.dir/home/gvaldez/pico/pico-sdk/src/rp2_common/pico_stdio_usb/stdio_usb.c.obj
 *fill*         0x000000001000953e        0x2 
 .rodata.str1.4
                0x0000000010009540       0x2a main/CMakeFiles/main.dir/home/gvaldez/pico/pico-sdk/src/rp2_common/pico_stdio_usb/stdio_usb_descriptors.c.obj
 *fill*         0x000000001000956a        0x2 
 .rodata.usbd_desc_cfg
                0x000000001000956c       0x54 main/CMakeFiles/main.dir/home/gvaldez/pico/pico-sdk/src/rp2_common/pico_stdio_usb/stdio_usb_descriptors.c.obj
 .rodata.usbd_desc_device
                0x00000000100095c0       0x12 main/CMakeFiles/main.dir/home/gvaldez/pico/pico-sdk/src/rp2_common/pico_stdio_usb/stdio_usb_descriptors.c.obj
 *fill*         0x00000000100095d2        0x2 
 .rodata.usbd_desc_str
                0x00000000100095d4       0x18 main/CMakeFiles/main.dir/home/gvaldez/pico/pico-sdk/src/rp2_common/pico_stdio_usb/stdio_usb_descriptors.c.obj
 .rodata.__func__.6959
                0x00000000100095ec       0x13 main/CMakeFiles/main.dir/home/gvaldez/pico/pico-sdk/lib/tinyusb/src/portable/raspberrypi/rp2040/dcd_rp2040.c.obj
 *fill*         0x00000000100095ff        0x1 
 .rodata.__func__.7012
                0x0000000010009600        0x9 main/CMakeFiles/main.dir/home/gvaldez/pico/pico-sdk/lib/tinyusb/src/portable/raspberrypi/rp2040/dcd_rp2040.c.obj
 *fill*         0x0000000010009609        0x3 
 .rodata.__func__.7016
                0x000000001000960c        0xf main/CMakeFiles/main.dir/home/gvaldez/pico/pico-sdk/lib/tinyusb/src/portable/raspberrypi/rp2040/dcd_rp2040.c.obj
 *fill*         0x000000001000961b        0x1 
 .rodata.__func__.7025
                0x000000001000961c       0x10 main/CMakeFiles/main.dir/home/gvaldez/pico/pico-sdk/lib/tinyusb/src/portable/raspberrypi/rp2040/dcd_rp2040.c.obj
 .rodata.__func__.7044
                0x000000001000962c        0xe main/CMakeFiles/main.dir/home/gvaldez/pico/pico-sdk/lib/tinyusb/src/portable/raspberrypi/rp2040/dcd_rp2040.c.obj
 *fill*         0x000000001000963a        0x2 
 .rodata.__func__.7054
                0x000000001000963c        0xe main/CMakeFiles/main.dir/home/gvaldez/pico/pico-sdk/lib/tinyusb/src/portable/raspberrypi/rp2040/dcd_rp2040.c.obj
 *fill*         0x000000001000964a        0x2 
 .rodata._hw_endpoint_alloc.str1.4
                0x000000001000964c       0xb9 main/CMakeFiles/main.dir/home/gvaldez/pico/pico-sdk/lib/tinyusb/src/portable/raspberrypi/rp2040/dcd_rp2040.c.obj
 *fill*         0x0000000010009705        0x3 
 .rodata.dcd_int_enable.str1.4
                0x0000000010009708        0xc main/CMakeFiles/main.dir/home/gvaldez/pico/pico-sdk/lib/tinyusb/src/portable/raspberrypi/rp2040/dcd_rp2040.c.obj
 .rodata.dcd_rp2040_irq.str1.4
                0x0000000010009714       0x14 main/CMakeFiles/main.dir/home/gvaldez/pico/pico-sdk/lib/tinyusb/src/portable/raspberrypi/rp2040/dcd_rp2040.c.obj
 .rodata.__func__.6724
                0x0000000010009728        0xf main/CMakeFiles/main.dir/home/gvaldez/pico/pico-sdk/lib/tinyusb/src/portable/raspberrypi/rp2040/rp2040_usb.c.obj
 *fill*         0x0000000010009737        0x1 
 .rodata._hw_endpoint_buffer_control_update32.str1.4
                0x0000000010009738       0x1f main/CMakeFiles/main.dir/home/gvaldez/pico/pico-sdk/lib/tinyusb/src/portable/raspberrypi/rp2040/rp2040_usb.c.obj
 *fill*         0x0000000010009757        0x1 
 .rodata.hw_endpoint_xfer_continue.str1.4
                0x0000000010009758       0x29 main/CMakeFiles/main.dir/home/gvaldez/pico/pico-sdk/lib/tinyusb/src/portable/raspberrypi/rp2040/rp2040_usb.c.obj
 *fill*         0x0000000010009781        0x3 
 .rodata.hw_endpoint_xfer_start.str1.4
                0x0000000010009784       0x38 main/CMakeFiles/main.dir/home/gvaldez/pico/pico-sdk/lib/tinyusb/src/portable/raspberrypi/rp2040/rp2040_usb.c.obj
 .rodata.str1.4
                0x00000000100097bc       0x38 main/CMakeFiles/main.dir/home/gvaldez/pico/pico-sdk/lib/tinyusb/src/portable/raspberrypi/rp2040/rp2040_usb.c.obj
                                          0x7 (size before relaxing)
 .rodata.sync_ep_buffer.str1.4
                0x00000000100097bc       0x95 main/CMakeFiles/main.dir/home/gvaldez/pico/pico-sdk/lib/tinyusb/src/portable/raspberrypi/rp2040/rp2040_usb.c.obj
 *fill*         0x0000000010009851        0x3 
 .rodata.process_get_descriptor
                0x0000000010009854       0x40 main/CMakeFiles/main.dir/home/gvaldez/pico/pico-sdk/lib/tinyusb/src/device/usbd.c.obj
 .rodata.process_control_request
                0x0000000010009894       0x28 main/CMakeFiles/main.dir/home/gvaldez/pico/pico-sdk/lib/tinyusb/src/device/usbd.c.obj
 .rodata.tud_task
                0x00000000100098bc       0x24 main/CMakeFiles/main.dir/home/gvaldez/pico/pico-sdk/lib/tinyusb/src/device/usbd.c.obj
 .rodata.__func__.6625
                0x00000000100098e0       0x10 main/CMakeFiles/main.dir/home/gvaldez/pico/pico-sdk/lib/tinyusb/src/device/usbd.c.obj
 .rodata.__func__.7423
                0x00000000100098f0        0x9 main/CMakeFiles/main.dir/home/gvaldez/pico/pico-sdk/lib/tinyusb/src/device/usbd.c.obj
 *fill*         0x00000000100098f9        0x3 
 .rodata.__func__.7444
                0x00000000100098fc       0x18 main/CMakeFiles/main.dir/home/gvaldez/pico/pico-sdk/lib/tinyusb/src/device/usbd.c.obj
 .rodata.__func__.7487
                0x0000000010009914       0x13 main/CMakeFiles/main.dir/home/gvaldez/pico/pico-sdk/lib/tinyusb/src/device/usbd.c.obj
 *fill*         0x0000000010009927        0x1 
 .rodata.__func__.7522
                0x0000000010009928       0x17 main/CMakeFiles/main.dir/home/gvaldez/pico/pico-sdk/lib/tinyusb/src/device/usbd.c.obj
 *fill*         0x000000001000993f        0x1 
 .rodata.__func__.7576
                0x0000000010009940       0x14 main/CMakeFiles/main.dir/home/gvaldez/pico/pico-sdk/lib/tinyusb/src/device/usbd.c.obj
 .rodata.__func__.7590
                0x0000000010009954        0xf main/CMakeFiles/main.dir/home/gvaldez/pico/pico-sdk/lib/tinyusb/src/device/usbd.c.obj
 *fill*         0x0000000010009963        0x1 
 .rodata.__func__.7613
                0x0000000010009964        0xf main/CMakeFiles/main.dir/home/gvaldez/pico/pico-sdk/lib/tinyusb/src/device/usbd.c.obj
 *fill*         0x0000000010009973        0x1 
 .rodata._usbd_driver
                0x0000000010009974       0x18 main/CMakeFiles/main.dir/home/gvaldez/pico/pico-sdk/lib/tinyusb/src/device/usbd.c.obj
 .rodata.process_set_config.str1.4
                0x000000001000998c       0x17 main/CMakeFiles/main.dir/home/gvaldez/pico/pico-sdk/lib/tinyusb/src/device/usbd.c.obj
 *fill*         0x00000000100099a3        0x1 
 .rodata.__func__.7338